../drivers/systick.c:9:6:SysTick_Handler	8	static
../drivers/systick.c:13:6:SysTick_Init	16	static
../drivers/systick.c:18:6:SysTick_Handle	16	static
../drivers/systick.c:22:6:SysTick_Reload	24	static
../drivers/systick.c:33:6:SysTick_Enable	8	static
../drivers/systick.c:36:6:SysTick_Disable	8	static
../drivers/systick.c:41:6:SysTick_Enable_Interrput	8	static
../drivers/systick.c:44:6:SysTick_Disable_Interrput	8	static
../drivers/systick.c:49:16:SysTick_CountFlag	16	static
../drivers/systick.c:57:6:SysTick_ClearFlag	8	static
