17:13:30 **** Incremental Build of configuration Debug for project frdmkl46z_gpio_led_output ****
make -r -j8 all 
make[1]: Nothing to be done for 'main-build'.
Performing post-build steps
arm-none-eabi-size "frdmkl46z_gpio_led_output.axf"; # arm-none-eabi-objcopy -v -O binary "frdmkl46z_gpio_led_output.axf" "frdmkl46z_gpio_led_output.bin" ; # checksum -p MKL46Z256xxx4 -d "frdmkl46z_gpio_led_output.bin";
   text	   data	    bss	    dec	    hex	filename
   3360	      0	   4432	   7792	   1e70	frdmkl46z_gpio_led_output.axf
 

17:13:30 Build Finished. 0 errors, 0 warnings. (took 191ms)

