23:56:45 **** Incremental Build of configuration Debug for project MKL46Z4_Boot ****
make -r -j8 all 
Building file: ../middleware/updateflash.c
Invoking: MCU C Compiler
arm-none-eabi-gcc -D__REDLIB__ -DCPU_MKL46Z256VLL4_cm0plus -DCPU_MKL46Z256VLL4 -DFSL_RTOS_BM -DSDK_OS_BAREMETAL -DSDK_DEBUGCONSOLE=1 -DCR_INTEGER_PRINTF -DPRINTF_FLOAT_ENABLE=0 -D__MCUXPRESSO -D__USE_CMSIS -DDEBUG -I"F:\KL46Project\MKL46Z4_BootLoader\workspace\MKL46Z4_Boot\supports" -I"F:\KL46Project\MKL46Z4_BootLoader\workspace\MKL46Z4_Boot\source" -I"F:\KL46Project\MKL46Z4_BootLoader\workspace\MKL46Z4_Boot\interface" -I"F:\KL46Project\MKL46Z4_BootLoader\workspace\MKL46Z4_Boot\middleware" -I"F:\KL46Project\MKL46Z4_BootLoader\workspace\MKL46Z4_Boot\drivers" -I"F:\KL46Project\MKL46Z4_BootLoader\workspace\MKL46Z4_Boot" -I"F:\KL46Project\MKL46Z4_BootLoader\workspace\MKL46Z4_Boot\CMSIS" -I"F:\KL46Project\MKL46Z4_BootLoader\workspace\MKL46Z4_Boot\startup" -O0 -fno-common -g3 -gdwarf-4 -Wall -c -ffunction-sections -fdata-sections -ffreestanding -fno-builtin -fmerge-constants -fmacro-prefix-map="../middleware/"= -mcpu=cortex-m0plus -mthumb -D__REDLIB__ -fstack-usage -specs=redlib.specs -MMD -MP -MF"middleware/updateflash.d" -MT"middleware/updateflash.o" -MT"middleware/updateflash.d" -o "middleware/updateflash.o" "../middleware/updateflash.c"
../middleware/updateflash.c: In function 'FLASH_LOAD_USB2FLASH':
../middleware/updateflash.c:63:45: warning: passing argument 1 of 'Copy_Struct' from incompatible pointer type [-Wincompatible-pointer-types]
   63 |                                 Copy_Struct(&dataSREC_First, srecAPI, sizeof(dataSREC_First));
      |                                             ^~~~~~~~~~~~~~~
      |                                             |
      |                                             volatile SREC_API_t *
../middleware/updateflash.c:20:34: note: expected 'uint8_t *' {aka 'unsigned char *'} but argument is of type 'volatile SREC_API_t *'
   20 | static void Copy_Struct(uint8_t *src, uint8_t *dest, uint16_t size){
      |                         ~~~~~~~~~^~~
../middleware/updateflash.c:63:62: warning: passing argument 2 of 'Copy_Struct' from incompatible pointer type [-Wincompatible-pointer-types]
   63 |                                 Copy_Struct(&dataSREC_First, srecAPI, sizeof(dataSREC_First));
      |                                                              ^~~~~~~
      |                                                              |
      |                                                              SREC_API_t *
../middleware/updateflash.c:20:48: note: expected 'uint8_t *' {aka 'unsigned char *'} but argument is of type 'SREC_API_t *'
   20 | static void Copy_Struct(uint8_t *src, uint8_t *dest, uint16_t size){
      |                                       ~~~~~~~~~^~~~
../middleware/updateflash.c:71:43: warning: passing argument 1 of 'FLASH_ProgarmWord' discards 'volatile' qualifier from pointer target type [-Wdiscarded-qualifiers]
   71 |                         FLASH_ProgarmWord(&dataSREC_First);
      |                                           ^~~~~~~~~~~~~~~
../middleware/updateflash.c:28:43: note: expected 'SREC_API_t *' but argument is of type 'volatile SREC_API_t *'
   28 | static void FLASH_ProgarmWord(SREC_API_t *dataSREC){
      |                               ~~~~~~~~~~~~^~~~~~~~
Finished building: ../middleware/updateflash.c
 
Building target: MKL46Z4_Boot.axf
Invoking: MCU Linker
arm-none-eabi-gcc -nostdlib -Xlinker -Map="MKL46Z4_Boot.map" -Xlinker --gc-sections -Xlinker -print-memory-usage -Xlinker --sort-section=alignment -Xlinker --cref -mcpu=cortex-m0plus -mthumb -T MKL46Z4_Boot_Debug.ld -o "MKL46Z4_Boot.axf" ./supports/queue.o ./supports/srecfile.o  ./startup/startup_mkl46z4.o  ./source/MKL46Z4_LightSensor.o ./source/mtb.o  ./middleware/updateflash.o ./middleware/usb.o  ./interface/interface.o  ./drivers/clock.o ./drivers/ftfa.o ./drivers/gpio.o ./drivers/nvic.o ./drivers/port.o ./drivers/systick.o ./drivers/uart0.o  ./CMSIS/system_MKL46Z4.o   
Memory region         Used Size  Region Size  %age Used
   PROGRAM_FLASH:       11080 B       256 KB      4.23%
            SRAM:        4680 B        32 KB     14.28%
Finished building target: MKL46Z4_Boot.axf
 
Performing post-build steps
arm-none-eabi-size "MKL46Z4_Boot.axf"; # arm-none-eabi-objcopy -v -O binary "MKL46Z4_Boot.axf" "MKL46Z4_Boot.bin" ; # checksum -p MKL46Z256xxx4 -d "MKL46Z4_Boot.bin";
   text	   data	    bss	    dec	    hex	filename
  11080	      0	   4680	  15760	   3d90	MKL46Z4_Boot.axf
 
23:56:49 **** Build of configuration Debug for project MKL46Z4_Boot ****
make -r -j8 all 
make[1]: Nothing to be done for 'main-build'.
Performing post-build steps
arm-none-eabi-size "MKL46Z4_Boot.axf"; # arm-none-eabi-objcopy -v -O binary "MKL46Z4_Boot.axf" "MKL46Z4_Boot.bin" ; # checksum -p MKL46Z256xxx4 -d "MKL46Z4_Boot.bin";
   text	   data	    bss	    dec	    hex	filename
  11080	      0	   4680	  15760	   3d90	MKL46Z4_Boot.axf
 
23:56:50 **** Incremental Build of configuration Debug for project MKL46Z4_Boot ****
make -r -j8 all 
make[1]: Nothing to be done for 'main-build'.
Performing post-build steps
arm-none-eabi-size "MKL46Z4_Boot.axf"; # arm-none-eabi-objcopy -v -O binary "MKL46Z4_Boot.axf" "MKL46Z4_Boot.bin" ; # checksum -p MKL46Z256xxx4 -d "MKL46Z4_Boot.bin";
   text	   data	    bss	    dec	    hex	filename
  11080	      0	   4680	  15760	   3d90	MKL46Z4_Boot.axf
 
00:02:49 **** Build of configuration Debug for project MKL46Z4_Boot ****
make -r -j8 all 
Building file: ../middleware/updateflash.c
Invoking: MCU C Compiler
arm-none-eabi-gcc -D__REDLIB__ -DCPU_MKL46Z256VLL4_cm0plus -DCPU_MKL46Z256VLL4 -DFSL_RTOS_BM -DSDK_OS_BAREMETAL -DSDK_DEBUGCONSOLE=1 -DCR_INTEGER_PRINTF -DPRINTF_FLOAT_ENABLE=0 -D__MCUXPRESSO -D__USE_CMSIS -DDEBUG -I"F:\KL46Project\MKL46Z4_BootLoader\workspace\MKL46Z4_Boot\supports" -I"F:\KL46Project\MKL46Z4_BootLoader\workspace\MKL46Z4_Boot\source" -I"F:\KL46Project\MKL46Z4_BootLoader\workspace\MKL46Z4_Boot\interface" -I"F:\KL46Project\MKL46Z4_BootLoader\workspace\MKL46Z4_Boot\middleware" -I"F:\KL46Project\MKL46Z4_BootLoader\workspace\MKL46Z4_Boot\drivers" -I"F:\KL46Project\MKL46Z4_BootLoader\workspace\MKL46Z4_Boot" -I"F:\KL46Project\MKL46Z4_BootLoader\workspace\MKL46Z4_Boot\CMSIS" -I"F:\KL46Project\MKL46Z4_BootLoader\workspace\MKL46Z4_Boot\startup" -O0 -fno-common -g3 -gdwarf-4 -Wall -c -ffunction-sections -fdata-sections -ffreestanding -fno-builtin -fmerge-constants -fmacro-prefix-map="../middleware/"= -mcpu=cortex-m0plus -mthumb -D__REDLIB__ -fstack-usage -specs=redlib.specs -MMD -MP -MF"middleware/updateflash.d" -MT"middleware/updateflash.o" -MT"middleware/updateflash.d" -o "middleware/updateflash.o" "../middleware/updateflash.c"
../middleware/updateflash.c: In function 'FLASH_LOAD_USB2FLASH':
../middleware/updateflash.c:71:43: warning: passing argument 1 of 'FLASH_ProgarmWord' discards 'volatile' qualifier from pointer target type [-Wdiscarded-qualifiers]
   71 |                         FLASH_ProgarmWord(&dataSREC_First);
      |                                           ^~~~~~~~~~~~~~~
../middleware/updateflash.c:28:43: note: expected 'SREC_API_t *' but argument is of type 'volatile SREC_API_t *'
   28 | static void FLASH_ProgarmWord(SREC_API_t *dataSREC){
      |                               ~~~~~~~~~~~~^~~~~~~~
Finished building: ../middleware/updateflash.c
 
Building target: MKL46Z4_Boot.axf
Invoking: MCU Linker
arm-none-eabi-gcc -nostdlib -Xlinker -Map="MKL46Z4_Boot.map" -Xlinker --gc-sections -Xlinker -print-memory-usage -Xlinker --sort-section=alignment -Xlinker --cref -mcpu=cortex-m0plus -mthumb -T MKL46Z4_Boot_Debug.ld -o "MKL46Z4_Boot.axf" ./supports/queue.o ./supports/srecfile.o  ./startup/startup_mkl46z4.o  ./source/MKL46Z4_LightSensor.o ./source/mtb.o  ./middleware/updateflash.o ./middleware/usb.o  ./interface/interface.o  ./drivers/clock.o ./drivers/ftfa.o ./drivers/gpio.o ./drivers/nvic.o ./drivers/port.o ./drivers/systick.o ./drivers/uart0.o  ./CMSIS/system_MKL46Z4.o   
Memory region         Used Size  Region Size  %age Used
   PROGRAM_FLASH:       11080 B       256 KB      4.23%
            SRAM:        4680 B        32 KB     14.28%
Finished building target: MKL46Z4_Boot.axf
 
Performing post-build steps
arm-none-eabi-size "MKL46Z4_Boot.axf"; # arm-none-eabi-objcopy -v -O binary "MKL46Z4_Boot.axf" "MKL46Z4_Boot.bin" ; # checksum -p MKL46Z256xxx4 -d "MKL46Z4_Boot.bin";
   text	   data	    bss	    dec	    hex	filename
  11080	      0	   4680	  15760	   3d90	MKL46Z4_Boot.axf
 
00:02:49 **** Incremental Build of configuration Debug for project MKL46Z4_Boot ****
make -r -j8 all 
make[1]: Nothing to be done for 'main-build'.
Performing post-build steps
arm-none-eabi-size "MKL46Z4_Boot.axf"; # arm-none-eabi-objcopy -v -O binary "MKL46Z4_Boot.axf" "MKL46Z4_Boot.bin" ; # checksum -p MKL46Z256xxx4 -d "MKL46Z4_Boot.bin";
   text	   data	    bss	    dec	    hex	filename
  11080	      0	   4680	  15760	   3d90	MKL46Z4_Boot.axf
 
00:07:17 **** Build of configuration Debug for project MKL46Z4_Boot ****
make -r -j8 all 
Building file: ../middleware/updateflash.c
Invoking: MCU C Compiler
arm-none-eabi-gcc -D__REDLIB__ -DCPU_MKL46Z256VLL4_cm0plus -DCPU_MKL46Z256VLL4 -DFSL_RTOS_BM -DSDK_OS_BAREMETAL -DSDK_DEBUGCONSOLE=1 -DCR_INTEGER_PRINTF -DPRINTF_FLOAT_ENABLE=0 -D__MCUXPRESSO -D__USE_CMSIS -DDEBUG -I"F:\KL46Project\MKL46Z4_BootLoader\workspace\MKL46Z4_Boot\supports" -I"F:\KL46Project\MKL46Z4_BootLoader\workspace\MKL46Z4_Boot\source" -I"F:\KL46Project\MKL46Z4_BootLoader\workspace\MKL46Z4_Boot\interface" -I"F:\KL46Project\MKL46Z4_BootLoader\workspace\MKL46Z4_Boot\middleware" -I"F:\KL46Project\MKL46Z4_BootLoader\workspace\MKL46Z4_Boot\drivers" -I"F:\KL46Project\MKL46Z4_BootLoader\workspace\MKL46Z4_Boot" -I"F:\KL46Project\MKL46Z4_BootLoader\workspace\MKL46Z4_Boot\CMSIS" -I"F:\KL46Project\MKL46Z4_BootLoader\workspace\MKL46Z4_Boot\startup" -O0 -fno-common -g3 -gdwarf-4 -Wall -c -ffunction-sections -fdata-sections -ffreestanding -fno-builtin -fmerge-constants -fmacro-prefix-map="../middleware/"= -mcpu=cortex-m0plus -mthumb -D__REDLIB__ -fstack-usage -specs=redlib.specs -MMD -MP -MF"middleware/updateflash.d" -MT"middleware/updateflash.o" -MT"middleware/updateflash.d" -o "middleware/updateflash.o" "../middleware/updateflash.c"
../middleware/updateflash.c: In function 'FLASH_LOAD_USB2FLASH':
../middleware/updateflash.c:71:43: warning: passing argument 1 of 'FLASH_ProgarmWord' discards 'volatile' qualifier from pointer target type [-Wdiscarded-qualifiers]
   71 |                         FLASH_ProgarmWord(&dataSREC_First);
      |                                           ^~~~~~~~~~~~~~~
../middleware/updateflash.c:28:43: note: expected 'SREC_API_t *' but argument is of type 'volatile SREC_API_t *'
   28 | static void FLASH_ProgarmWord(SREC_API_t *dataSREC){
      |                               ~~~~~~~~~~~~^~~~~~~~
Finished building: ../middleware/updateflash.c
 
Building target: MKL46Z4_Boot.axf
Invoking: MCU Linker
arm-none-eabi-gcc -nostdlib -Xlinker -Map="MKL46Z4_Boot.map" -Xlinker --gc-sections -Xlinker -print-memory-usage -Xlinker --sort-section=alignment -Xlinker --cref -mcpu=cortex-m0plus -mthumb -T MKL46Z4_Boot_Debug.ld -o "MKL46Z4_Boot.axf" ./supports/queue.o ./supports/srecfile.o  ./startup/startup_mkl46z4.o  ./source/MKL46Z4_LightSensor.o ./source/mtb.o  ./middleware/updateflash.o ./middleware/usb.o  ./interface/interface.o  ./drivers/clock.o ./drivers/ftfa.o ./drivers/gpio.o ./drivers/nvic.o ./drivers/port.o ./drivers/systick.o ./drivers/uart0.o  ./CMSIS/system_MKL46Z4.o   
Memory region         Used Size  Region Size  %age Used
   PROGRAM_FLASH:       11080 B       256 KB      4.23%
            SRAM:        4680 B        32 KB     14.28%
Finished building target: MKL46Z4_Boot.axf
 
Performing post-build steps
arm-none-eabi-size "MKL46Z4_Boot.axf"; # arm-none-eabi-objcopy -v -O binary "MKL46Z4_Boot.axf" "MKL46Z4_Boot.bin" ; # checksum -p MKL46Z256xxx4 -d "MKL46Z4_Boot.bin";
   text	   data	    bss	    dec	    hex	filename
  11080	      0	   4680	  15760	   3d90	MKL46Z4_Boot.axf
 
00:07:18 **** Incremental Build of configuration Debug for project MKL46Z4_Boot ****
make -r -j8 all 
make[1]: Nothing to be done for 'main-build'.
Performing post-build steps
arm-none-eabi-size "MKL46Z4_Boot.axf"; # arm-none-eabi-objcopy -v -O binary "MKL46Z4_Boot.axf" "MKL46Z4_Boot.bin" ; # checksum -p MKL46Z256xxx4 -d "MKL46Z4_Boot.bin";
   text	   data	    bss	    dec	    hex	filename
  11080	      0	   4680	  15760	   3d90	MKL46Z4_Boot.axf
 
00:17:36 **** Build of configuration Debug for project MKL46Z4_Boot ****
make -r -j8 all 
Building file: ../interface/interface.c
Invoking: MCU C Compiler
arm-none-eabi-gcc -D__REDLIB__ -DCPU_MKL46Z256VLL4_cm0plus -DCPU_MKL46Z256VLL4 -DFSL_RTOS_BM -DSDK_OS_BAREMETAL -DSDK_DEBUGCONSOLE=1 -DCR_INTEGER_PRINTF -DPRINTF_FLOAT_ENABLE=0 -D__MCUXPRESSO -D__USE_CMSIS -DDEBUG -I"F:\KL46Project\MKL46Z4_BootLoader\workspace\MKL46Z4_Boot\supports" -I"F:\KL46Project\MKL46Z4_BootLoader\workspace\MKL46Z4_Boot\source" -I"F:\KL46Project\MKL46Z4_BootLoader\workspace\MKL46Z4_Boot\interface" -I"F:\KL46Project\MKL46Z4_BootLoader\workspace\MKL46Z4_Boot\middleware" -I"F:\KL46Project\MKL46Z4_BootLoader\workspace\MKL46Z4_Boot\drivers" -I"F:\KL46Project\MKL46Z4_BootLoader\workspace\MKL46Z4_Boot" -I"F:\KL46Project\MKL46Z4_BootLoader\workspace\MKL46Z4_Boot\CMSIS" -I"F:\KL46Project\MKL46Z4_BootLoader\workspace\MKL46Z4_Boot\startup" -O0 -fno-common -g3 -gdwarf-4 -Wall -c -ffunction-sections -fdata-sections -ffreestanding -fno-builtin -fmerge-constants -fmacro-prefix-map="../interface/"= -mcpu=cortex-m0plus -mthumb -D__REDLIB__ -fstack-usage -specs=redlib.specs -MMD -MP -MF"interface/interface.d" -MT"interface/interface.o" -MT"interface/interface.d" -o "interface/interface.o" "../interface/interface.c"
../interface/interface.c: In function 'Bootloader_Init':
../interface/interface.c:21:27: warning: unused variable 'FLApi' [-Wunused-variable]
   21 |         FLASH_LOAD_API_t *FLApi = FLASH_LOAD_USB2FLASH();
      |                           ^~~~~
Finished building: ../interface/interface.c
 
Building target: MKL46Z4_Boot.axf
Invoking: MCU Linker
arm-none-eabi-gcc -nostdlib -Xlinker -Map="MKL46Z4_Boot.map" -Xlinker --gc-sections -Xlinker -print-memory-usage -Xlinker --sort-section=alignment -Xlinker --cref -mcpu=cortex-m0plus -mthumb -T MKL46Z4_Boot_Debug.ld -o "MKL46Z4_Boot.axf" ./supports/queue.o ./supports/srecfile.o  ./startup/startup_mkl46z4.o  ./source/MKL46Z4_LightSensor.o ./source/mtb.o  ./middleware/updateflash.o ./middleware/usb.o  ./interface/interface.o  ./drivers/clock.o ./drivers/ftfa.o ./drivers/gpio.o ./drivers/nvic.o ./drivers/port.o ./drivers/systick.o ./drivers/uart0.o  ./CMSIS/system_MKL46Z4.o   
Memory region         Used Size  Region Size  %age Used
   PROGRAM_FLASH:       11144 B       256 KB      4.25%
            SRAM:        4680 B        32 KB     14.28%
Finished building target: MKL46Z4_Boot.axf
 
Performing post-build steps
arm-none-eabi-size "MKL46Z4_Boot.axf"; # arm-none-eabi-objcopy -v -O binary "MKL46Z4_Boot.axf" "MKL46Z4_Boot.bin" ; # checksum -p MKL46Z256xxx4 -d "MKL46Z4_Boot.bin";
   text	   data	    bss	    dec	    hex	filename
  11144	      0	   4680	  15824	   3dd0	MKL46Z4_Boot.axf
 
00:17:37 **** Incremental Build of configuration Debug for project MKL46Z4_Boot ****
make -r -j8 all 
make[1]: Nothing to be done for 'main-build'.
Performing post-build steps
arm-none-eabi-size "MKL46Z4_Boot.axf"; # arm-none-eabi-objcopy -v -O binary "MKL46Z4_Boot.axf" "MKL46Z4_Boot.bin" ; # checksum -p MKL46Z256xxx4 -d "MKL46Z4_Boot.bin";
   text	   data	    bss	    dec	    hex	filename
  11144	      0	   4680	  15824	   3dd0	MKL46Z4_Boot.axf
 
00:27:45 **** Build of configuration Debug for project MKL46Z4_Boot ****
make -r -j8 all 
Building file: ../supports/queue.c
Invoking: MCU C Compiler
arm-none-eabi-gcc -D__REDLIB__ -DCPU_MKL46Z256VLL4_cm0plus -DCPU_MKL46Z256VLL4 -DFSL_RTOS_BM -DSDK_OS_BAREMETAL -DSDK_DEBUGCONSOLE=1 -DCR_INTEGER_PRINTF -DPRINTF_FLOAT_ENABLE=0 -D__MCUXPRESSO -D__USE_CMSIS -DDEBUG -I"F:\KL46Project\MKL46Z4_BootLoader\workspace\MKL46Z4_Boot\supports" -I"F:\KL46Project\MKL46Z4_BootLoader\workspace\MKL46Z4_Boot\source" -I"F:\KL46Project\MKL46Z4_BootLoader\workspace\MKL46Z4_Boot\interface" -I"F:\KL46Project\MKL46Z4_BootLoader\workspace\MKL46Z4_Boot\middleware" -I"F:\KL46Project\MKL46Z4_BootLoader\workspace\MKL46Z4_Boot\drivers" -I"F:\KL46Project\MKL46Z4_BootLoader\workspace\MKL46Z4_Boot" -I"F:\KL46Project\MKL46Z4_BootLoader\workspace\MKL46Z4_Boot\CMSIS" -I"F:\KL46Project\MKL46Z4_BootLoader\workspace\MKL46Z4_Boot\startup" -O0 -fno-common -g3 -gdwarf-4 -Wall -c -ffunction-sections -fdata-sections -ffreestanding -fno-builtin -fmerge-constants -fmacro-prefix-map="../supports/"= -mcpu=cortex-m0plus -mthumb -D__REDLIB__ -fstack-usage -specs=redlib.specs -MMD -MP -MF"supports/queue.d" -MT"supports/queue.o" -MT"supports/queue.d" -o "supports/queue.o" "../supports/queue.c"
../supports/queue.c: In function 'QUEUE_Get':
../supports/queue.c:77:17: warning: unused variable 'idx' [-Wunused-variable]
   77 |         uint8_t idx;
      |                 ^~~
Finished building: ../supports/queue.c
 
Building target: MKL46Z4_Boot.axf
Invoking: MCU Linker
arm-none-eabi-gcc -nostdlib -Xlinker -Map="MKL46Z4_Boot.map" -Xlinker --gc-sections -Xlinker -print-memory-usage -Xlinker --sort-section=alignment -Xlinker --cref -mcpu=cortex-m0plus -mthumb -T MKL46Z4_Boot_Debug.ld -o "MKL46Z4_Boot.axf" ./supports/queue.o ./supports/srecfile.o  ./startup/startup_mkl46z4.o  ./source/MKL46Z4_LightSensor.o ./source/mtb.o  ./middleware/updateflash.o ./middleware/usb.o  ./interface/interface.o  ./drivers/clock.o ./drivers/ftfa.o ./drivers/gpio.o ./drivers/nvic.o ./drivers/port.o ./drivers/systick.o ./drivers/uart0.o  ./CMSIS/system_MKL46Z4.o   
Memory region         Used Size  Region Size  %age Used
   PROGRAM_FLASH:       11176 B       256 KB      4.26%
            SRAM:        4688 B        32 KB     14.31%
Finished building target: MKL46Z4_Boot.axf
 
Performing post-build steps
arm-none-eabi-size "MKL46Z4_Boot.axf"; # arm-none-eabi-objcopy -v -O binary "MKL46Z4_Boot.axf" "MKL46Z4_Boot.bin" ; # checksum -p MKL46Z256xxx4 -d "MKL46Z4_Boot.bin";
   text	   data	    bss	    dec	    hex	filename
  11176	      0	   4688	  15864	   3df8	MKL46Z4_Boot.axf
 
00:27:46 **** Incremental Build of configuration Debug for project MKL46Z4_Boot ****
make -r -j8 all 
make[1]: Nothing to be done for 'main-build'.
Performing post-build steps
arm-none-eabi-size "MKL46Z4_Boot.axf"; # arm-none-eabi-objcopy -v -O binary "MKL46Z4_Boot.axf" "MKL46Z4_Boot.bin" ; # checksum -p MKL46Z256xxx4 -d "MKL46Z4_Boot.bin";
   text	   data	    bss	    dec	    hex	filename
  11176	      0	   4688	  15864	   3df8	MKL46Z4_Boot.axf
 
00:31:05 **** Build of configuration Debug for project MKL46Z4_Boot ****
make -r -j8 all 
Building file: ../supports/queue.c
Building file: ../middleware/updateflash.c
Invoking: MCU C Compiler
arm-none-eabi-gcc -D__REDLIB__ -DCPU_MKL46Z256VLL4_cm0plus -DCPU_MKL46Z256VLL4 -DFSL_RTOS_BM -DSDK_OS_BAREMETAL -DSDK_DEBUGCONSOLE=1 -DCR_INTEGER_PRINTF -DPRINTF_FLOAT_ENABLE=0 -D__MCUXPRESSO -D__USE_CMSIS -DDEBUG -I"F:\KL46Project\MKL46Z4_BootLoader\workspace\MKL46Z4_Boot\supports" -I"F:\KL46Project\MKL46Z4_BootLoader\workspace\MKL46Z4_Boot\source" -I"F:\KL46Project\MKL46Z4_BootLoader\workspace\MKL46Z4_Boot\interface" -I"F:\KL46Project\MKL46Z4_BootLoader\workspace\MKL46Z4_Boot\middleware" -I"F:\KL46Project\MKL46Z4_BootLoader\workspace\MKL46Z4_Boot\drivers" -I"F:\KL46Project\MKL46Z4_BootLoader\workspace\MKL46Z4_Boot" -I"F:\KL46Project\MKL46Z4_BootLoader\workspace\MKL46Z4_Boot\CMSIS" -I"F:\KL46Project\MKL46Z4_BootLoader\workspace\MKL46Z4_Boot\startup" -O0 -fno-common -g3 -gdwarf-4 -Wall -c -ffunction-sections -fdata-sections -ffreestanding -fno-builtin -fmerge-constants -fmacro-prefix-map="../supports/"= -mcpu=cortex-m0plus -mthumb -D__REDLIB__ -fstack-usage -specs=redlib.specs -MMD -MP -MF"supports/queue.d" -MT"supports/queue.o" -MT"supports/queue.d" -o "supports/queue.o" "../supports/queue.c"
Invoking: MCU C Compiler
arm-none-eabi-gcc -D__REDLIB__ -DCPU_MKL46Z256VLL4_cm0plus -DCPU_MKL46Z256VLL4 -DFSL_RTOS_BM -DSDK_OS_BAREMETAL -DSDK_DEBUGCONSOLE=1 -DCR_INTEGER_PRINTF -DPRINTF_FLOAT_ENABLE=0 -D__MCUXPRESSO -D__USE_CMSIS -DDEBUG -I"F:\KL46Project\MKL46Z4_BootLoader\workspace\MKL46Z4_Boot\supports" -I"F:\KL46Project\MKL46Z4_BootLoader\workspace\MKL46Z4_Boot\source" -I"F:\KL46Project\MKL46Z4_BootLoader\workspace\MKL46Z4_Boot\interface" -I"F:\KL46Project\MKL46Z4_BootLoader\workspace\MKL46Z4_Boot\middleware" -I"F:\KL46Project\MKL46Z4_BootLoader\workspace\MKL46Z4_Boot\drivers" -I"F:\KL46Project\MKL46Z4_BootLoader\workspace\MKL46Z4_Boot" -I"F:\KL46Project\MKL46Z4_BootLoader\workspace\MKL46Z4_Boot\CMSIS" -I"F:\KL46Project\MKL46Z4_BootLoader\workspace\MKL46Z4_Boot\startup" -O0 -fno-common -g3 -gdwarf-4 -Wall -c -ffunction-sections -fdata-sections -ffreestanding -fno-builtin -fmerge-constants -fmacro-prefix-map="../middleware/"= -mcpu=cortex-m0plus -mthumb -D__REDLIB__ -fstack-usage -specs=redlib.specs -MMD -MP -MF"middleware/updateflash.d" -MT"middleware/updateflash.o" -MT"middleware/updateflash.d" -o "middleware/updateflash.o" "../middleware/updateflash.c"
../supports/queue.c: In function 'QUEUE_Get':
../supports/queue.c:75:17: warning: unused variable 'idx' [-Wunused-variable]
   75 |         uint8_t idx;
      |                 ^~~
../supports/queue.c: At top level:
../supports/queue.c:11:17: warning: 'restNodeNum' defined but not used [-Wunused-variable]
   11 | static uint32_t restNodeNum = 0;
      |                 ^~~~~~~~~~~
../supports/queue.c:10:17: warning: 'popNodeNum' defined but not used [-Wunused-variable]
   10 | static uint32_t popNodeNum = 0;
      |                 ^~~~~~~~~~
../middleware/updateflash.c: In function 'FLASH_LOAD_USB2FLASH':
../middleware/updateflash.c:76:43: warning: passing argument 1 of 'FLASH_ProgarmWord' discards 'volatile' qualifier from pointer target type [-Wdiscarded-qualifiers]
   76 |                         FLASH_ProgarmWord(&dataSREC_First);
      |                                           ^~~~~~~~~~~~~~~
../middleware/updateflash.c:28:43: note: expected 'SREC_API_t *' but argument is of type 'volatile SREC_API_t *'
   28 | static void FLASH_ProgarmWord(SREC_API_t *dataSREC){
      |                               ~~~~~~~~~~~~^~~~~~~~
Finished building: ../supports/queue.c
Finished building: ../middleware/updateflash.c
 
 
Building target: MKL46Z4_Boot.axf
Invoking: MCU Linker
arm-none-eabi-gcc -nostdlib -Xlinker -Map="MKL46Z4_Boot.map" -Xlinker --gc-sections -Xlinker -print-memory-usage -Xlinker --sort-section=alignment -Xlinker --cref -mcpu=cortex-m0plus -mthumb -T MKL46Z4_Boot_Debug.ld -o "MKL46Z4_Boot.axf" ./supports/queue.o ./supports/srecfile.o  ./startup/startup_mkl46z4.o  ./source/MKL46Z4_LightSensor.o ./source/mtb.o  ./middleware/updateflash.o ./middleware/usb.o  ./interface/interface.o  ./drivers/clock.o ./drivers/ftfa.o ./drivers/gpio.o ./drivers/nvic.o ./drivers/port.o ./drivers/systick.o ./drivers/uart0.o  ./CMSIS/system_MKL46Z4.o   
Memory region         Used Size  Region Size  %age Used
   PROGRAM_FLASH:       11168 B       256 KB      4.26%
            SRAM:        4680 B        32 KB     14.28%
Finished building target: MKL46Z4_Boot.axf
 
Performing post-build steps
arm-none-eabi-size "MKL46Z4_Boot.axf"; # arm-none-eabi-objcopy -v -O binary "MKL46Z4_Boot.axf" "MKL46Z4_Boot.bin" ; # checksum -p MKL46Z256xxx4 -d "MKL46Z4_Boot.bin";
   text	   data	    bss	    dec	    hex	filename
  11168	      0	   4680	  15848	   3de8	MKL46Z4_Boot.axf
 
00:31:06 **** Incremental Build of configuration Debug for project MKL46Z4_Boot ****
make -r -j8 all 
make[1]: Nothing to be done for 'main-build'.
Performing post-build steps
arm-none-eabi-size "MKL46Z4_Boot.axf"; # arm-none-eabi-objcopy -v -O binary "MKL46Z4_Boot.axf" "MKL46Z4_Boot.bin" ; # checksum -p MKL46Z256xxx4 -d "MKL46Z4_Boot.bin";
   text	   data	    bss	    dec	    hex	filename
  11168	      0	   4680	  15848	   3de8	MKL46Z4_Boot.axf
 
00:31:56 **** Build of configuration Debug for project MKL46Z4_Boot ****
make -r -j8 all 
Building file: ../middleware/updateflash.c
Invoking: MCU C Compiler
arm-none-eabi-gcc -D__REDLIB__ -DCPU_MKL46Z256VLL4_cm0plus -DCPU_MKL46Z256VLL4 -DFSL_RTOS_BM -DSDK_OS_BAREMETAL -DSDK_DEBUGCONSOLE=1 -DCR_INTEGER_PRINTF -DPRINTF_FLOAT_ENABLE=0 -D__MCUXPRESSO -D__USE_CMSIS -DDEBUG -I"F:\KL46Project\MKL46Z4_BootLoader\workspace\MKL46Z4_Boot\supports" -I"F:\KL46Project\MKL46Z4_BootLoader\workspace\MKL46Z4_Boot\source" -I"F:\KL46Project\MKL46Z4_BootLoader\workspace\MKL46Z4_Boot\interface" -I"F:\KL46Project\MKL46Z4_BootLoader\workspace\MKL46Z4_Boot\middleware" -I"F:\KL46Project\MKL46Z4_BootLoader\workspace\MKL46Z4_Boot\drivers" -I"F:\KL46Project\MKL46Z4_BootLoader\workspace\MKL46Z4_Boot" -I"F:\KL46Project\MKL46Z4_BootLoader\workspace\MKL46Z4_Boot\CMSIS" -I"F:\KL46Project\MKL46Z4_BootLoader\workspace\MKL46Z4_Boot\startup" -O0 -fno-common -g3 -gdwarf-4 -Wall -c -ffunction-sections -fdata-sections -ffreestanding -fno-builtin -fmerge-constants -fmacro-prefix-map="../middleware/"= -mcpu=cortex-m0plus -mthumb -D__REDLIB__ -fstack-usage -specs=redlib.specs -MMD -MP -MF"middleware/updateflash.d" -MT"middleware/updateflash.o" -MT"middleware/updateflash.d" -o "middleware/updateflash.o" "../middleware/updateflash.c"
../middleware/updateflash.c: In function 'FLASH_LOAD_USB2FLASH':
../middleware/updateflash.c:76:43: warning: passing argument 1 of 'FLASH_ProgarmWord' discards 'volatile' qualifier from pointer target type [-Wdiscarded-qualifiers]
   76 |                         FLASH_ProgarmWord(&dataSREC_First);
      |                                           ^~~~~~~~~~~~~~~
../middleware/updateflash.c:28:43: note: expected 'SREC_API_t *' but argument is of type 'volatile SREC_API_t *'
   28 | static void FLASH_ProgarmWord(SREC_API_t *dataSREC){
      |                               ~~~~~~~~~~~~^~~~~~~~
Finished building: ../middleware/updateflash.c
 
Building target: MKL46Z4_Boot.axf
Invoking: MCU Linker
arm-none-eabi-gcc -nostdlib -Xlinker -Map="MKL46Z4_Boot.map" -Xlinker --gc-sections -Xlinker -print-memory-usage -Xlinker --sort-section=alignment -Xlinker --cref -mcpu=cortex-m0plus -mthumb -T MKL46Z4_Boot_Debug.ld -o "MKL46Z4_Boot.axf" ./supports/queue.o ./supports/srecfile.o  ./startup/startup_mkl46z4.o  ./source/MKL46Z4_LightSensor.o ./source/mtb.o  ./middleware/updateflash.o ./middleware/usb.o  ./interface/interface.o  ./drivers/clock.o ./drivers/ftfa.o ./drivers/gpio.o ./drivers/nvic.o ./drivers/port.o ./drivers/systick.o ./drivers/uart0.o  ./CMSIS/system_MKL46Z4.o   
Memory region         Used Size  Region Size  %age Used
   PROGRAM_FLASH:       11168 B       256 KB      4.26%
            SRAM:        4680 B        32 KB     14.28%
Finished building target: MKL46Z4_Boot.axf
 
Performing post-build steps
arm-none-eabi-size "MKL46Z4_Boot.axf"; # arm-none-eabi-objcopy -v -O binary "MKL46Z4_Boot.axf" "MKL46Z4_Boot.bin" ; # checksum -p MKL46Z256xxx4 -d "MKL46Z4_Boot.bin";
   text	   data	    bss	    dec	    hex	filename
  11168	      0	   4680	  15848	   3de8	MKL46Z4_Boot.axf
 
00:31:57 **** Incremental Build of configuration Debug for project MKL46Z4_Boot ****
make -r -j8 all 
make[1]: Nothing to be done for 'main-build'.
Performing post-build steps
arm-none-eabi-size "MKL46Z4_Boot.axf"; # arm-none-eabi-objcopy -v -O binary "MKL46Z4_Boot.axf" "MKL46Z4_Boot.bin" ; # checksum -p MKL46Z256xxx4 -d "MKL46Z4_Boot.bin";
   text	   data	    bss	    dec	    hex	filename
  11168	      0	   4680	  15848	   3de8	MKL46Z4_Boot.axf
 
00:36:19 **** Build of configuration Debug for project MKL46Z4_Boot ****
make -r -j8 all 
Building file: ../middleware/updateflash.c
Invoking: MCU C Compiler
arm-none-eabi-gcc -D__REDLIB__ -DCPU_MKL46Z256VLL4_cm0plus -DCPU_MKL46Z256VLL4 -DFSL_RTOS_BM -DSDK_OS_BAREMETAL -DSDK_DEBUGCONSOLE=1 -DCR_INTEGER_PRINTF -DPRINTF_FLOAT_ENABLE=0 -D__MCUXPRESSO -D__USE_CMSIS -DDEBUG -I"F:\KL46Project\MKL46Z4_BootLoader\workspace\MKL46Z4_Boot\supports" -I"F:\KL46Project\MKL46Z4_BootLoader\workspace\MKL46Z4_Boot\source" -I"F:\KL46Project\MKL46Z4_BootLoader\workspace\MKL46Z4_Boot\interface" -I"F:\KL46Project\MKL46Z4_BootLoader\workspace\MKL46Z4_Boot\middleware" -I"F:\KL46Project\MKL46Z4_BootLoader\workspace\MKL46Z4_Boot\drivers" -I"F:\KL46Project\MKL46Z4_BootLoader\workspace\MKL46Z4_Boot" -I"F:\KL46Project\MKL46Z4_BootLoader\workspace\MKL46Z4_Boot\CMSIS" -I"F:\KL46Project\MKL46Z4_BootLoader\workspace\MKL46Z4_Boot\startup" -O0 -fno-common -g3 -gdwarf-4 -Wall -c -ffunction-sections -fdata-sections -ffreestanding -fno-builtin -fmerge-constants -fmacro-prefix-map="../middleware/"= -mcpu=cortex-m0plus -mthumb -D__REDLIB__ -fstack-usage -specs=redlib.specs -MMD -MP -MF"middleware/updateflash.d" -MT"middleware/updateflash.o" -MT"middleware/updateflash.d" -o "middleware/updateflash.o" "../middleware/updateflash.c"
../middleware/updateflash.c: In function 'FLASH_LOAD_USB2FLASH':
../middleware/updateflash.c:76:43: warning: passing argument 1 of 'FLASH_ProgarmWord' discards 'volatile' qualifier from pointer target type [-Wdiscarded-qualifiers]
   76 |                         FLASH_ProgarmWord(&dataSREC_First);
      |                                           ^~~~~~~~~~~~~~~
../middleware/updateflash.c:28:43: note: expected 'SREC_API_t *' but argument is of type 'volatile SREC_API_t *'
   28 | static void FLASH_ProgarmWord(SREC_API_t *dataSREC){
      |                               ~~~~~~~~~~~~^~~~~~~~
Finished building: ../middleware/updateflash.c
 
Building target: MKL46Z4_Boot.axf
Invoking: MCU Linker
arm-none-eabi-gcc -nostdlib -Xlinker -Map="MKL46Z4_Boot.map" -Xlinker --gc-sections -Xlinker -print-memory-usage -Xlinker --sort-section=alignment -Xlinker --cref -mcpu=cortex-m0plus -mthumb -T MKL46Z4_Boot_Debug.ld -o "MKL46Z4_Boot.axf" ./supports/queue.o ./supports/srecfile.o  ./startup/startup_mkl46z4.o  ./source/MKL46Z4_LightSensor.o ./source/mtb.o  ./middleware/updateflash.o ./middleware/usb.o  ./interface/interface.o  ./drivers/clock.o ./drivers/ftfa.o ./drivers/gpio.o ./drivers/nvic.o ./drivers/port.o ./drivers/systick.o ./drivers/uart0.o  ./CMSIS/system_MKL46Z4.o   
Memory region         Used Size  Region Size  %age Used
   PROGRAM_FLASH:       11136 B       256 KB      4.25%
            SRAM:        4680 B        32 KB     14.28%
Finished building target: MKL46Z4_Boot.axf
 
Performing post-build steps
arm-none-eabi-size "MKL46Z4_Boot.axf"; # arm-none-eabi-objcopy -v -O binary "MKL46Z4_Boot.axf" "MKL46Z4_Boot.bin" ; # checksum -p MKL46Z256xxx4 -d "MKL46Z4_Boot.bin";
   text	   data	    bss	    dec	    hex	filename
  11136	      0	   4680	  15816	   3dc8	MKL46Z4_Boot.axf
 
00:36:20 **** Incremental Build of configuration Debug for project MKL46Z4_Boot ****
make -r -j8 all 
make[1]: Nothing to be done for 'main-build'.
Performing post-build steps
arm-none-eabi-size "MKL46Z4_Boot.axf"; # arm-none-eabi-objcopy -v -O binary "MKL46Z4_Boot.axf" "MKL46Z4_Boot.bin" ; # checksum -p MKL46Z256xxx4 -d "MKL46Z4_Boot.bin";
   text	   data	    bss	    dec	    hex	filename
  11136	      0	   4680	  15816	   3dc8	MKL46Z4_Boot.axf
 
00:38:04 **** Build of configuration Debug for project MKL46Z4_Boot ****
make -r -j8 all 
Building file: ../interface/interface.c
Invoking: MCU C Compiler
arm-none-eabi-gcc -D__REDLIB__ -DCPU_MKL46Z256VLL4_cm0plus -DCPU_MKL46Z256VLL4 -DFSL_RTOS_BM -DSDK_OS_BAREMETAL -DSDK_DEBUGCONSOLE=1 -DCR_INTEGER_PRINTF -DPRINTF_FLOAT_ENABLE=0 -D__MCUXPRESSO -D__USE_CMSIS -DDEBUG -I"F:\KL46Project\MKL46Z4_BootLoader\workspace\MKL46Z4_Boot\supports" -I"F:\KL46Project\MKL46Z4_BootLoader\workspace\MKL46Z4_Boot\source" -I"F:\KL46Project\MKL46Z4_BootLoader\workspace\MKL46Z4_Boot\interface" -I"F:\KL46Project\MKL46Z4_BootLoader\workspace\MKL46Z4_Boot\middleware" -I"F:\KL46Project\MKL46Z4_BootLoader\workspace\MKL46Z4_Boot\drivers" -I"F:\KL46Project\MKL46Z4_BootLoader\workspace\MKL46Z4_Boot" -I"F:\KL46Project\MKL46Z4_BootLoader\workspace\MKL46Z4_Boot\CMSIS" -I"F:\KL46Project\MKL46Z4_BootLoader\workspace\MKL46Z4_Boot\startup" -O0 -fno-common -g3 -gdwarf-4 -Wall -c -ffunction-sections -fdata-sections -ffreestanding -fno-builtin -fmerge-constants -fmacro-prefix-map="../interface/"= -mcpu=cortex-m0plus -mthumb -D__REDLIB__ -fstack-usage -specs=redlib.specs -MMD -MP -MF"interface/interface.d" -MT"interface/interface.o" -MT"interface/interface.d" -o "interface/interface.o" "../interface/interface.c"
../interface/interface.c: In function 'Bootloader_Init':
../interface/interface.c:21:27: warning: unused variable 'FLApi' [-Wunused-variable]
   21 |         FLASH_LOAD_API_t *FLApi = FLASH_LOAD_USB2FLASH();
      |                           ^~~~~
Finished building: ../interface/interface.c
 
Building target: MKL46Z4_Boot.axf
Invoking: MCU Linker
arm-none-eabi-gcc -nostdlib -Xlinker -Map="MKL46Z4_Boot.map" -Xlinker --gc-sections -Xlinker -print-memory-usage -Xlinker --sort-section=alignment -Xlinker --cref -mcpu=cortex-m0plus -mthumb -T MKL46Z4_Boot_Debug.ld -o "MKL46Z4_Boot.axf" ./supports/queue.o ./supports/srecfile.o  ./startup/startup_mkl46z4.o  ./source/MKL46Z4_LightSensor.o ./source/mtb.o  ./middleware/updateflash.o ./middleware/usb.o  ./interface/interface.o  ./drivers/clock.o ./drivers/ftfa.o ./drivers/gpio.o ./drivers/nvic.o ./drivers/port.o ./drivers/systick.o ./drivers/uart0.o  ./CMSIS/system_MKL46Z4.o   
Memory region         Used Size  Region Size  %age Used
   PROGRAM_FLASH:       11080 B       256 KB      4.23%
            SRAM:        4680 B        32 KB     14.28%
Finished building target: MKL46Z4_Boot.axf
 
Performing post-build steps
arm-none-eabi-size "MKL46Z4_Boot.axf"; # arm-none-eabi-objcopy -v -O binary "MKL46Z4_Boot.axf" "MKL46Z4_Boot.bin" ; # checksum -p MKL46Z256xxx4 -d "MKL46Z4_Boot.bin";
   text	   data	    bss	    dec	    hex	filename
  11080	      0	   4680	  15760	   3d90	MKL46Z4_Boot.axf
 
00:38:04 **** Incremental Build of configuration Debug for project MKL46Z4_Boot ****
make -r -j8 all 
make[1]: Nothing to be done for 'main-build'.
Performing post-build steps
arm-none-eabi-size "MKL46Z4_Boot.axf"; # arm-none-eabi-objcopy -v -O binary "MKL46Z4_Boot.axf" "MKL46Z4_Boot.bin" ; # checksum -p MKL46Z256xxx4 -d "MKL46Z4_Boot.bin";
   text	   data	    bss	    dec	    hex	filename
  11080	      0	   4680	  15760	   3d90	MKL46Z4_Boot.axf
 
00:40:17 **** Build of configuration Debug for project MKL46Z4_Boot ****
make -r -j8 all 
Building file: ../middleware/updateflash.c
Invoking: MCU C Compiler
arm-none-eabi-gcc -D__REDLIB__ -DCPU_MKL46Z256VLL4_cm0plus -DCPU_MKL46Z256VLL4 -DFSL_RTOS_BM -DSDK_OS_BAREMETAL -DSDK_DEBUGCONSOLE=1 -DCR_INTEGER_PRINTF -DPRINTF_FLOAT_ENABLE=0 -D__MCUXPRESSO -D__USE_CMSIS -DDEBUG -I"F:\KL46Project\MKL46Z4_BootLoader\workspace\MKL46Z4_Boot\supports" -I"F:\KL46Project\MKL46Z4_BootLoader\workspace\MKL46Z4_Boot\source" -I"F:\KL46Project\MKL46Z4_BootLoader\workspace\MKL46Z4_Boot\interface" -I"F:\KL46Project\MKL46Z4_BootLoader\workspace\MKL46Z4_Boot\middleware" -I"F:\KL46Project\MKL46Z4_BootLoader\workspace\MKL46Z4_Boot\drivers" -I"F:\KL46Project\MKL46Z4_BootLoader\workspace\MKL46Z4_Boot" -I"F:\KL46Project\MKL46Z4_BootLoader\workspace\MKL46Z4_Boot\CMSIS" -I"F:\KL46Project\MKL46Z4_BootLoader\workspace\MKL46Z4_Boot\startup" -O0 -fno-common -g3 -gdwarf-4 -Wall -c -ffunction-sections -fdata-sections -ffreestanding -fno-builtin -fmerge-constants -fmacro-prefix-map="../middleware/"= -mcpu=cortex-m0plus -mthumb -D__REDLIB__ -fstack-usage -specs=redlib.specs -MMD -MP -MF"middleware/updateflash.d" -MT"middleware/updateflash.o" -MT"middleware/updateflash.d" -o "middleware/updateflash.o" "../middleware/updateflash.c"
../middleware/updateflash.c: In function 'FLASH_LOAD_USB2FLASH':
../middleware/updateflash.c:72:43: warning: passing argument 1 of 'FLASH_ProgarmWord' discards 'volatile' qualifier from pointer target type [-Wdiscarded-qualifiers]
   72 |                         FLASH_ProgarmWord(&dataSREC_First);
      |                                           ^~~~~~~~~~~~~~~
../middleware/updateflash.c:28:43: note: expected 'SREC_API_t *' but argument is of type 'volatile SREC_API_t *'
   28 | static void FLASH_ProgarmWord(SREC_API_t *dataSREC){
      |                               ~~~~~~~~~~~~^~~~~~~~
Finished building: ../middleware/updateflash.c
 
Building target: MKL46Z4_Boot.axf
Invoking: MCU Linker
arm-none-eabi-gcc -nostdlib -Xlinker -Map="MKL46Z4_Boot.map" -Xlinker --gc-sections -Xlinker -print-memory-usage -Xlinker --sort-section=alignment -Xlinker --cref -mcpu=cortex-m0plus -mthumb -T MKL46Z4_Boot_Debug.ld -o "MKL46Z4_Boot.axf" ./supports/queue.o ./supports/srecfile.o  ./startup/startup_mkl46z4.o  ./source/MKL46Z4_LightSensor.o ./source/mtb.o  ./middleware/updateflash.o ./middleware/usb.o  ./interface/interface.o  ./drivers/clock.o ./drivers/ftfa.o ./drivers/gpio.o ./drivers/nvic.o ./drivers/port.o ./drivers/systick.o ./drivers/uart0.o  ./CMSIS/system_MKL46Z4.o   
Memory region         Used Size  Region Size  %age Used
   PROGRAM_FLASH:       11080 B       256 KB      4.23%
            SRAM:        4680 B        32 KB     14.28%
Finished building target: MKL46Z4_Boot.axf
 
Performing post-build steps
arm-none-eabi-size "MKL46Z4_Boot.axf"; # arm-none-eabi-objcopy -v -O binary "MKL46Z4_Boot.axf" "MKL46Z4_Boot.bin" ; # checksum -p MKL46Z256xxx4 -d "MKL46Z4_Boot.bin";
   text	   data	    bss	    dec	    hex	filename
  11080	      0	   4680	  15760	   3d90	MKL46Z4_Boot.axf
 
00:40:17 **** Incremental Build of configuration Debug for project MKL46Z4_Boot ****
make -r -j8 all 
make[1]: Nothing to be done for 'main-build'.
Performing post-build steps
arm-none-eabi-size "MKL46Z4_Boot.axf"; # arm-none-eabi-objcopy -v -O binary "MKL46Z4_Boot.axf" "MKL46Z4_Boot.bin" ; # checksum -p MKL46Z256xxx4 -d "MKL46Z4_Boot.bin";
   text	   data	    bss	    dec	    hex	filename
  11080	      0	   4680	  15760	   3d90	MKL46Z4_Boot.axf
 
00:55:49 **** Build of configuration Debug for project MKL46Z4_Boot ****
make -r -j8 all 
Building file: ../middleware/usb.c
Invoking: MCU C Compiler
arm-none-eabi-gcc -D__REDLIB__ -DCPU_MKL46Z256VLL4_cm0plus -DCPU_MKL46Z256VLL4 -DFSL_RTOS_BM -DSDK_OS_BAREMETAL -DSDK_DEBUGCONSOLE=1 -DCR_INTEGER_PRINTF -DPRINTF_FLOAT_ENABLE=0 -D__MCUXPRESSO -D__USE_CMSIS -DDEBUG -I"F:\KL46Project\MKL46Z4_BootLoader\workspace\MKL46Z4_Boot\supports" -I"F:\KL46Project\MKL46Z4_BootLoader\workspace\MKL46Z4_Boot\source" -I"F:\KL46Project\MKL46Z4_BootLoader\workspace\MKL46Z4_Boot\interface" -I"F:\KL46Project\MKL46Z4_BootLoader\workspace\MKL46Z4_Boot\middleware" -I"F:\KL46Project\MKL46Z4_BootLoader\workspace\MKL46Z4_Boot\drivers" -I"F:\KL46Project\MKL46Z4_BootLoader\workspace\MKL46Z4_Boot" -I"F:\KL46Project\MKL46Z4_BootLoader\workspace\MKL46Z4_Boot\CMSIS" -I"F:\KL46Project\MKL46Z4_BootLoader\workspace\MKL46Z4_Boot\startup" -O0 -fno-common -g3 -gdwarf-4 -Wall -c -ffunction-sections -fdata-sections -ffreestanding -fno-builtin -fmerge-constants -fmacro-prefix-map="../middleware/"= -mcpu=cortex-m0plus -mthumb -D__REDLIB__ -fstack-usage -specs=redlib.specs -MMD -MP -MF"middleware/usb.d" -MT"middleware/usb.o" -MT"middleware/usb.d" -o "middleware/usb.o" "../middleware/usb.c"
Finished building: ../middleware/usb.c
 
Building target: MKL46Z4_Boot.axf
Invoking: MCU Linker
arm-none-eabi-gcc -nostdlib -Xlinker -Map="MKL46Z4_Boot.map" -Xlinker --gc-sections -Xlinker -print-memory-usage -Xlinker --sort-section=alignment -Xlinker --cref -mcpu=cortex-m0plus -mthumb -T MKL46Z4_Boot_Debug.ld -o "MKL46Z4_Boot.axf" ./supports/queue.o ./supports/srecfile.o  ./startup/startup_mkl46z4.o  ./source/MKL46Z4_LightSensor.o ./source/mtb.o  ./middleware/updateflash.o ./middleware/usb.o  ./interface/interface.o  ./drivers/clock.o ./drivers/ftfa.o ./drivers/gpio.o ./drivers/nvic.o ./drivers/port.o ./drivers/systick.o ./drivers/uart0.o  ./CMSIS/system_MKL46Z4.o   
Memory region         Used Size  Region Size  %age Used
   PROGRAM_FLASH:       11080 B       256 KB      4.23%
            SRAM:        4680 B        32 KB     14.28%
Finished building target: MKL46Z4_Boot.axf
 
Performing post-build steps
arm-none-eabi-size "MKL46Z4_Boot.axf"; # arm-none-eabi-objcopy -v -O binary "MKL46Z4_Boot.axf" "MKL46Z4_Boot.bin" ; # checksum -p MKL46Z256xxx4 -d "MKL46Z4_Boot.bin";
   text	   data	    bss	    dec	    hex	filename
  11080	      0	   4680	  15760	   3d90	MKL46Z4_Boot.axf
 
00:55:50 **** Incremental Build of configuration Debug for project MKL46Z4_Boot ****
make -r -j8 all 
make[1]: Nothing to be done for 'main-build'.
Performing post-build steps
arm-none-eabi-size "MKL46Z4_Boot.axf"; # arm-none-eabi-objcopy -v -O binary "MKL46Z4_Boot.axf" "MKL46Z4_Boot.bin" ; # checksum -p MKL46Z256xxx4 -d "MKL46Z4_Boot.bin";
   text	   data	    bss	    dec	    hex	filename
  11080	      0	   4680	  15760	   3d90	MKL46Z4_Boot.axf
 
00:57:56 **** Build of configuration Debug for project MKL46Z4_Boot ****
make -r -j8 all 
Building file: ../middleware/usb.c
Invoking: MCU C Compiler
arm-none-eabi-gcc -D__REDLIB__ -DCPU_MKL46Z256VLL4_cm0plus -DCPU_MKL46Z256VLL4 -DFSL_RTOS_BM -DSDK_OS_BAREMETAL -DSDK_DEBUGCONSOLE=1 -DCR_INTEGER_PRINTF -DPRINTF_FLOAT_ENABLE=0 -D__MCUXPRESSO -D__USE_CMSIS -DDEBUG -I"F:\KL46Project\MKL46Z4_BootLoader\workspace\MKL46Z4_Boot\supports" -I"F:\KL46Project\MKL46Z4_BootLoader\workspace\MKL46Z4_Boot\source" -I"F:\KL46Project\MKL46Z4_BootLoader\workspace\MKL46Z4_Boot\interface" -I"F:\KL46Project\MKL46Z4_BootLoader\workspace\MKL46Z4_Boot\middleware" -I"F:\KL46Project\MKL46Z4_BootLoader\workspace\MKL46Z4_Boot\drivers" -I"F:\KL46Project\MKL46Z4_BootLoader\workspace\MKL46Z4_Boot" -I"F:\KL46Project\MKL46Z4_BootLoader\workspace\MKL46Z4_Boot\CMSIS" -I"F:\KL46Project\MKL46Z4_BootLoader\workspace\MKL46Z4_Boot\startup" -O0 -fno-common -g3 -gdwarf-4 -Wall -c -ffunction-sections -fdata-sections -ffreestanding -fno-builtin -fmerge-constants -fmacro-prefix-map="../middleware/"= -mcpu=cortex-m0plus -mthumb -D__REDLIB__ -fstack-usage -specs=redlib.specs -MMD -MP -MF"middleware/usb.d" -MT"middleware/usb.o" -MT"middleware/usb.d" -o "middleware/usb.o" "../middleware/usb.c"
../middleware/usb.c:72:10: error: conflicting types for 'USB_GetNumberLineSREC'; have 'uint32_t()' {aka 'unsigned int()'}
   72 | uint32_t USB_GetNumberLineSREC(){
      |          ^~~~~~~~~~~~~~~~~~~~~
In file included from ../middleware/usb.c:2:
../middleware/usb.h:18:9: note: previous declaration of 'USB_GetNumberLineSREC' with type 'uint8_t()' {aka 'unsigned char()'}
   18 | uint8_t USB_GetNumberLineSREC();
      |         ^~~~~~~~~~~~~~~~~~~~~
make[1]: *** [middleware/subdir.mk:23: middleware/usb.o] Error 1
make: *** [makefile:41: all] Error 2
"make -r -j8 all" terminated with exit code 2. Build might be incomplete.
00:58:15 **** Build of configuration Debug for project MKL46Z4_Boot ****
make -r -j8 all 
Building file: ../middleware/updateflash.c
Building file: ../middleware/usb.c
Building file: ../interface/interface.c
Invoking: MCU C Compiler
arm-none-eabi-gcc -D__REDLIB__ -DCPU_MKL46Z256VLL4_cm0plus -DCPU_MKL46Z256VLL4 -DFSL_RTOS_BM -DSDK_OS_BAREMETAL -DSDK_DEBUGCONSOLE=1 -DCR_INTEGER_PRINTF -DPRINTF_FLOAT_ENABLE=0 -D__MCUXPRESSO -D__USE_CMSIS -DDEBUG -I"F:\KL46Project\MKL46Z4_BootLoader\workspace\MKL46Z4_Boot\supports" -I"F:\KL46Project\MKL46Z4_BootLoader\workspace\MKL46Z4_Boot\source" -I"F:\KL46Project\MKL46Z4_BootLoader\workspace\MKL46Z4_Boot\interface" -I"F:\KL46Project\MKL46Z4_BootLoader\workspace\MKL46Z4_Boot\middleware" -I"F:\KL46Project\MKL46Z4_BootLoader\workspace\MKL46Z4_Boot\drivers" -I"F:\KL46Project\MKL46Z4_BootLoader\workspace\MKL46Z4_Boot" -I"F:\KL46Project\MKL46Z4_BootLoader\workspace\MKL46Z4_Boot\CMSIS" -I"F:\KL46Project\MKL46Z4_BootLoader\workspace\MKL46Z4_Boot\startup" -O0 -fno-common -g3 -gdwarf-4 -Wall -c -ffunction-sections -fdata-sections -ffreestanding -fno-builtin -fmerge-constants -fmacro-prefix-map="../middleware/"= -mcpu=cortex-m0plus -mthumb -D__REDLIB__ -fstack-usage -specs=redlib.specs -MMD -MP -MF"middleware/updateflash.d" -MT"middleware/updateflash.o" -MT"middleware/updateflash.d" -o "middleware/updateflash.o" "../middleware/updateflash.c"
Invoking: MCU C Compiler
Invoking: MCU C Compiler
arm-none-eabi-gcc -D__REDLIB__ -DCPU_MKL46Z256VLL4_cm0plus -DCPU_MKL46Z256VLL4 -DFSL_RTOS_BM -DSDK_OS_BAREMETAL -DSDK_DEBUGCONSOLE=1 -DCR_INTEGER_PRINTF -DPRINTF_FLOAT_ENABLE=0 -D__MCUXPRESSO -D__USE_CMSIS -DDEBUG -I"F:\KL46Project\MKL46Z4_BootLoader\workspace\MKL46Z4_Boot\supports" -I"F:\KL46Project\MKL46Z4_BootLoader\workspace\MKL46Z4_Boot\source" -I"F:\KL46Project\MKL46Z4_BootLoader\workspace\MKL46Z4_Boot\interface" -I"F:\KL46Project\MKL46Z4_BootLoader\workspace\MKL46Z4_Boot\middleware" -I"F:\KL46Project\MKL46Z4_BootLoader\workspace\MKL46Z4_Boot\drivers" -I"F:\KL46Project\MKL46Z4_BootLoader\workspace\MKL46Z4_Boot" -I"F:\KL46Project\MKL46Z4_BootLoader\workspace\MKL46Z4_Boot\CMSIS" -I"F:\KL46Project\MKL46Z4_BootLoader\workspace\MKL46Z4_Boot\startup" -O0 -fno-common -g3 -gdwarf-4 -Wall -c -ffunction-sections -fdata-sections -ffreestanding -fno-builtin -fmerge-constants -fmacro-prefix-map="../middleware/"= -mcpu=cortex-m0plus -mthumb -D__REDLIB__ -fstack-usage -specs=redlib.specs -MMD -MP -MF"middleware/usb.d" -MT"middleware/usb.o" -MT"middleware/usb.d" -o "middleware/usb.o" "../middleware/usb.c"
arm-none-eabi-gcc -D__REDLIB__ -DCPU_MKL46Z256VLL4_cm0plus -DCPU_MKL46Z256VLL4 -DFSL_RTOS_BM -DSDK_OS_BAREMETAL -DSDK_DEBUGCONSOLE=1 -DCR_INTEGER_PRINTF -DPRINTF_FLOAT_ENABLE=0 -D__MCUXPRESSO -D__USE_CMSIS -DDEBUG -I"F:\KL46Project\MKL46Z4_BootLoader\workspace\MKL46Z4_Boot\supports" -I"F:\KL46Project\MKL46Z4_BootLoader\workspace\MKL46Z4_Boot\source" -I"F:\KL46Project\MKL46Z4_BootLoader\workspace\MKL46Z4_Boot\interface" -I"F:\KL46Project\MKL46Z4_BootLoader\workspace\MKL46Z4_Boot\middleware" -I"F:\KL46Project\MKL46Z4_BootLoader\workspace\MKL46Z4_Boot\drivers" -I"F:\KL46Project\MKL46Z4_BootLoader\workspace\MKL46Z4_Boot" -I"F:\KL46Project\MKL46Z4_BootLoader\workspace\MKL46Z4_Boot\CMSIS" -I"F:\KL46Project\MKL46Z4_BootLoader\workspace\MKL46Z4_Boot\startup" -O0 -fno-common -g3 -gdwarf-4 -Wall -c -ffunction-sections -fdata-sections -ffreestanding -fno-builtin -fmerge-constants -fmacro-prefix-map="../interface/"= -mcpu=cortex-m0plus -mthumb -D__REDLIB__ -fstack-usage -specs=redlib.specs -MMD -MP -MF"interface/interface.d" -MT"interface/interface.o" -MT"interface/interface.d" -o "interface/interface.o" "../interface/interface.c"
../middleware/updateflash.c: In function 'FLASH_LOAD_USB2FLASH':
../middleware/updateflash.c:72:43: warning: passing argument 1 of 'FLASH_ProgarmWord' discards 'volatile' qualifier from pointer target type [-Wdiscarded-qualifiers]
   72 |                         FLASH_ProgarmWord(&dataSREC_First);
      |                                           ^~~~~~~~~~~~~~~
../middleware/updateflash.c:28:43: note: expected 'SREC_API_t *' but argument is of type 'volatile SREC_API_t *'
   28 | static void FLASH_ProgarmWord(SREC_API_t *dataSREC){
      |                               ~~~~~~~~~~~~^~~~~~~~
../interface/interface.c: In function 'Bootloader_Init':
../interface/interface.c:21:27: warning: unused variable 'FLApi' [-Wunused-variable]
   21 |         FLASH_LOAD_API_t *FLApi = FLASH_LOAD_USB2FLASH();
      |                           ^~~~~
Finished building: ../interface/interface.c
 
Finished building: ../middleware/updateflash.c
Finished building: ../middleware/usb.c
 
 
Building target: MKL46Z4_Boot.axf
Invoking: MCU Linker
arm-none-eabi-gcc -nostdlib -Xlinker -Map="MKL46Z4_Boot.map" -Xlinker --gc-sections -Xlinker -print-memory-usage -Xlinker --sort-section=alignment -Xlinker --cref -mcpu=cortex-m0plus -mthumb -T MKL46Z4_Boot_Debug.ld -o "MKL46Z4_Boot.axf" ./supports/queue.o ./supports/srecfile.o  ./startup/startup_mkl46z4.o  ./source/MKL46Z4_LightSensor.o ./source/mtb.o  ./middleware/updateflash.o ./middleware/usb.o  ./interface/interface.o  ./drivers/clock.o ./drivers/ftfa.o ./drivers/gpio.o ./drivers/nvic.o ./drivers/port.o ./drivers/systick.o ./drivers/uart0.o  ./CMSIS/system_MKL46Z4.o   
Memory region         Used Size  Region Size  %age Used
   PROGRAM_FLASH:       11072 B       256 KB      4.22%
            SRAM:        4684 B        32 KB     14.29%
Finished building target: MKL46Z4_Boot.axf
 
Performing post-build steps
arm-none-eabi-size "MKL46Z4_Boot.axf"; # arm-none-eabi-objcopy -v -O binary "MKL46Z4_Boot.axf" "MKL46Z4_Boot.bin" ; # checksum -p MKL46Z256xxx4 -d "MKL46Z4_Boot.bin";
   text	   data	    bss	    dec	    hex	filename
  11072	      0	   4684	  15756	   3d8c	MKL46Z4_Boot.axf
 
00:58:15 **** Incremental Build of configuration Debug for project MKL46Z4_Boot ****
make -r -j8 all 
make[1]: Nothing to be done for 'main-build'.
Performing post-build steps
arm-none-eabi-size "MKL46Z4_Boot.axf"; # arm-none-eabi-objcopy -v -O binary "MKL46Z4_Boot.axf" "MKL46Z4_Boot.bin" ; # checksum -p MKL46Z256xxx4 -d "MKL46Z4_Boot.bin";
   text	   data	    bss	    dec	    hex	filename
  11072	      0	   4684	  15756	   3d8c	MKL46Z4_Boot.axf
 
00:59:09 **** Build of configuration Debug for project MKL46Z4_Boot ****
make -r -j8 all 
Building file: ../middleware/usb.c
Invoking: MCU C Compiler
arm-none-eabi-gcc -D__REDLIB__ -DCPU_MKL46Z256VLL4_cm0plus -DCPU_MKL46Z256VLL4 -DFSL_RTOS_BM -DSDK_OS_BAREMETAL -DSDK_DEBUGCONSOLE=1 -DCR_INTEGER_PRINTF -DPRINTF_FLOAT_ENABLE=0 -D__MCUXPRESSO -D__USE_CMSIS -DDEBUG -I"F:\KL46Project\MKL46Z4_BootLoader\workspace\MKL46Z4_Boot\supports" -I"F:\KL46Project\MKL46Z4_BootLoader\workspace\MKL46Z4_Boot\source" -I"F:\KL46Project\MKL46Z4_BootLoader\workspace\MKL46Z4_Boot\interface" -I"F:\KL46Project\MKL46Z4_BootLoader\workspace\MKL46Z4_Boot\middleware" -I"F:\KL46Project\MKL46Z4_BootLoader\workspace\MKL46Z4_Boot\drivers" -I"F:\KL46Project\MKL46Z4_BootLoader\workspace\MKL46Z4_Boot" -I"F:\KL46Project\MKL46Z4_BootLoader\workspace\MKL46Z4_Boot\CMSIS" -I"F:\KL46Project\MKL46Z4_BootLoader\workspace\MKL46Z4_Boot\startup" -O0 -fno-common -g3 -gdwarf-4 -Wall -c -ffunction-sections -fdata-sections -ffreestanding -fno-builtin -fmerge-constants -fmacro-prefix-map="../middleware/"= -mcpu=cortex-m0plus -mthumb -D__REDLIB__ -fstack-usage -specs=redlib.specs -MMD -MP -MF"middleware/usb.d" -MT"middleware/usb.o" -MT"middleware/usb.d" -o "middleware/usb.o" "../middleware/usb.c"
Finished building: ../middleware/usb.c
 
Building target: MKL46Z4_Boot.axf
Invoking: MCU Linker
arm-none-eabi-gcc -nostdlib -Xlinker -Map="MKL46Z4_Boot.map" -Xlinker --gc-sections -Xlinker -print-memory-usage -Xlinker --sort-section=alignment -Xlinker --cref -mcpu=cortex-m0plus -mthumb -T MKL46Z4_Boot_Debug.ld -o "MKL46Z4_Boot.axf" ./supports/queue.o ./supports/srecfile.o  ./startup/startup_mkl46z4.o  ./source/MKL46Z4_LightSensor.o ./source/mtb.o  ./middleware/updateflash.o ./middleware/usb.o  ./interface/interface.o  ./drivers/clock.o ./drivers/ftfa.o ./drivers/gpio.o ./drivers/nvic.o ./drivers/port.o ./drivers/systick.o ./drivers/uart0.o  ./CMSIS/system_MKL46Z4.o   
Memory region         Used Size  Region Size  %age Used
   PROGRAM_FLASH:       11088 B       256 KB      4.23%
            SRAM:        4684 B        32 KB     14.29%
Finished building target: MKL46Z4_Boot.axf
 
Performing post-build steps
arm-none-eabi-size "MKL46Z4_Boot.axf"; # arm-none-eabi-objcopy -v -O binary "MKL46Z4_Boot.axf" "MKL46Z4_Boot.bin" ; # checksum -p MKL46Z256xxx4 -d "MKL46Z4_Boot.bin";
   text	   data	    bss	    dec	    hex	filename
  11088	      0	   4684	  15772	   3d9c	MKL46Z4_Boot.axf
 
00:59:09 **** Incremental Build of configuration Debug for project MKL46Z4_Boot ****
make -r -j8 all 
make[1]: Nothing to be done for 'main-build'.
Performing post-build steps
arm-none-eabi-size "MKL46Z4_Boot.axf"; # arm-none-eabi-objcopy -v -O binary "MKL46Z4_Boot.axf" "MKL46Z4_Boot.bin" ; # checksum -p MKL46Z256xxx4 -d "MKL46Z4_Boot.bin";
   text	   data	    bss	    dec	    hex	filename
  11088	      0	   4684	  15772	   3d9c	MKL46Z4_Boot.axf
 
01:02:21 **** Build of configuration Debug for project MKL46Z4_Boot ****
make -r -j8 all 
Building file: ../supports/queue.c
Invoking: MCU C Compiler
arm-none-eabi-gcc -D__REDLIB__ -DCPU_MKL46Z256VLL4_cm0plus -DCPU_MKL46Z256VLL4 -DFSL_RTOS_BM -DSDK_OS_BAREMETAL -DSDK_DEBUGCONSOLE=1 -DCR_INTEGER_PRINTF -DPRINTF_FLOAT_ENABLE=0 -D__MCUXPRESSO -D__USE_CMSIS -DDEBUG -I"F:\KL46Project\MKL46Z4_BootLoader\workspace\MKL46Z4_Boot\supports" -I"F:\KL46Project\MKL46Z4_BootLoader\workspace\MKL46Z4_Boot\source" -I"F:\KL46Project\MKL46Z4_BootLoader\workspace\MKL46Z4_Boot\interface" -I"F:\KL46Project\MKL46Z4_BootLoader\workspace\MKL46Z4_Boot\middleware" -I"F:\KL46Project\MKL46Z4_BootLoader\workspace\MKL46Z4_Boot\drivers" -I"F:\KL46Project\MKL46Z4_BootLoader\workspace\MKL46Z4_Boot" -I"F:\KL46Project\MKL46Z4_BootLoader\workspace\MKL46Z4_Boot\CMSIS" -I"F:\KL46Project\MKL46Z4_BootLoader\workspace\MKL46Z4_Boot\startup" -O0 -fno-common -g3 -gdwarf-4 -Wall -c -ffunction-sections -fdata-sections -ffreestanding -fno-builtin -fmerge-constants -fmacro-prefix-map="../supports/"= -mcpu=cortex-m0plus -mthumb -D__REDLIB__ -fstack-usage -specs=redlib.specs -MMD -MP -MF"supports/queue.d" -MT"supports/queue.o" -MT"supports/queue.d" -o "supports/queue.o" "../supports/queue.c"
../supports/queue.c: In function 'QUEUE_Get':
../supports/queue.c:76:17: warning: unused variable 'idx' [-Wunused-variable]
   76 |         uint8_t idx;
      |                 ^~~
../supports/queue.c: At top level:
../supports/queue.c:10:17: warning: 'restNodeNum' defined but not used [-Wunused-variable]
   10 | static uint32_t restNodeNum = 0;
      |                 ^~~~~~~~~~~
../supports/queue.c:9:17: warning: 'popNodeNum' defined but not used [-Wunused-variable]
    9 | static uint32_t popNodeNum = 0;
      |                 ^~~~~~~~~~
Finished building: ../supports/queue.c
 
Building target: MKL46Z4_Boot.axf
Invoking: MCU Linker
arm-none-eabi-gcc -nostdlib -Xlinker -Map="MKL46Z4_Boot.map" -Xlinker --gc-sections -Xlinker -print-memory-usage -Xlinker --sort-section=alignment -Xlinker --cref -mcpu=cortex-m0plus -mthumb -T MKL46Z4_Boot_Debug.ld -o "MKL46Z4_Boot.axf" ./supports/queue.o ./supports/srecfile.o  ./startup/startup_mkl46z4.o  ./source/MKL46Z4_LightSensor.o ./source/mtb.o  ./middleware/updateflash.o ./middleware/usb.o  ./interface/interface.o  ./drivers/clock.o ./drivers/ftfa.o ./drivers/gpio.o ./drivers/nvic.o ./drivers/port.o ./drivers/systick.o ./drivers/uart0.o  ./CMSIS/system_MKL46Z4.o   
Memory region         Used Size  Region Size  %age Used
   PROGRAM_FLASH:       11072 B       256 KB      4.22%
            SRAM:        4680 B        32 KB     14.28%
Finished building target: MKL46Z4_Boot.axf
 
Performing post-build steps
arm-none-eabi-size "MKL46Z4_Boot.axf"; # arm-none-eabi-objcopy -v -O binary "MKL46Z4_Boot.axf" "MKL46Z4_Boot.bin" ; # checksum -p MKL46Z256xxx4 -d "MKL46Z4_Boot.bin";
   text	   data	    bss	    dec	    hex	filename
  11072	      0	   4680	  15752	   3d88	MKL46Z4_Boot.axf
 
01:02:21 **** Incremental Build of configuration Debug for project MKL46Z4_Boot ****
make -r -j8 all 
make[1]: Nothing to be done for 'main-build'.
Performing post-build steps
arm-none-eabi-size "MKL46Z4_Boot.axf"; # arm-none-eabi-objcopy -v -O binary "MKL46Z4_Boot.axf" "MKL46Z4_Boot.bin" ; # checksum -p MKL46Z256xxx4 -d "MKL46Z4_Boot.bin";
   text	   data	    bss	    dec	    hex	filename
  11072	      0	   4680	  15752	   3d88	MKL46Z4_Boot.axf
 
01:07:42 **** Build of configuration Debug for project MKL46Z4_Boot ****
make -r -j8 all 
Building file: ../middleware/usb.c
Invoking: MCU C Compiler
arm-none-eabi-gcc -D__REDLIB__ -DCPU_MKL46Z256VLL4_cm0plus -DCPU_MKL46Z256VLL4 -DFSL_RTOS_BM -DSDK_OS_BAREMETAL -DSDK_DEBUGCONSOLE=1 -DCR_INTEGER_PRINTF -DPRINTF_FLOAT_ENABLE=0 -D__MCUXPRESSO -D__USE_CMSIS -DDEBUG -I"F:\KL46Project\MKL46Z4_BootLoader\workspace\MKL46Z4_Boot\supports" -I"F:\KL46Project\MKL46Z4_BootLoader\workspace\MKL46Z4_Boot\source" -I"F:\KL46Project\MKL46Z4_BootLoader\workspace\MKL46Z4_Boot\interface" -I"F:\KL46Project\MKL46Z4_BootLoader\workspace\MKL46Z4_Boot\middleware" -I"F:\KL46Project\MKL46Z4_BootLoader\workspace\MKL46Z4_Boot\drivers" -I"F:\KL46Project\MKL46Z4_BootLoader\workspace\MKL46Z4_Boot" -I"F:\KL46Project\MKL46Z4_BootLoader\workspace\MKL46Z4_Boot\CMSIS" -I"F:\KL46Project\MKL46Z4_BootLoader\workspace\MKL46Z4_Boot\startup" -O0 -fno-common -g3 -gdwarf-4 -Wall -c -ffunction-sections -fdata-sections -ffreestanding -fno-builtin -fmerge-constants -fmacro-prefix-map="../middleware/"= -mcpu=cortex-m0plus -mthumb -D__REDLIB__ -fstack-usage -specs=redlib.specs -MMD -MP -MF"middleware/usb.d" -MT"middleware/usb.o" -MT"middleware/usb.d" -o "middleware/usb.o" "../middleware/usb.c"
Finished building: ../middleware/usb.c
 
Building target: MKL46Z4_Boot.axf
Invoking: MCU Linker
arm-none-eabi-gcc -nostdlib -Xlinker -Map="MKL46Z4_Boot.map" -Xlinker --gc-sections -Xlinker -print-memory-usage -Xlinker --sort-section=alignment -Xlinker --cref -mcpu=cortex-m0plus -mthumb -T MKL46Z4_Boot_Debug.ld -o "MKL46Z4_Boot.axf" ./supports/queue.o ./supports/srecfile.o  ./startup/startup_mkl46z4.o  ./source/MKL46Z4_LightSensor.o ./source/mtb.o  ./middleware/updateflash.o ./middleware/usb.o  ./interface/interface.o  ./drivers/clock.o ./drivers/ftfa.o ./drivers/gpio.o ./drivers/nvic.o ./drivers/port.o ./drivers/systick.o ./drivers/uart0.o  ./CMSIS/system_MKL46Z4.o   
Memory region         Used Size  Region Size  %age Used
   PROGRAM_FLASH:       11072 B       256 KB      4.22%
            SRAM:        4680 B        32 KB     14.28%
Finished building target: MKL46Z4_Boot.axf
 
Performing post-build steps
arm-none-eabi-size "MKL46Z4_Boot.axf"; # arm-none-eabi-objcopy -v -O binary "MKL46Z4_Boot.axf" "MKL46Z4_Boot.bin" ; # checksum -p MKL46Z256xxx4 -d "MKL46Z4_Boot.bin";
   text	   data	    bss	    dec	    hex	filename
  11072	      0	   4680	  15752	   3d88	MKL46Z4_Boot.axf
 
01:07:43 **** Incremental Build of configuration Debug for project MKL46Z4_Boot ****
make -r -j8 all 
make[1]: Nothing to be done for 'main-build'.
Performing post-build steps
arm-none-eabi-size "MKL46Z4_Boot.axf"; # arm-none-eabi-objcopy -v -O binary "MKL46Z4_Boot.axf" "MKL46Z4_Boot.bin" ; # checksum -p MKL46Z256xxx4 -d "MKL46Z4_Boot.bin";
   text	   data	    bss	    dec	    hex	filename
  11072	      0	   4680	  15752	   3d88	MKL46Z4_Boot.axf
 
01:09:20 **** Build of configuration Debug for project MKL46Z4_Boot ****
make -r -j8 all 
Building file: ../middleware/usb.c
Invoking: MCU C Compiler
arm-none-eabi-gcc -D__REDLIB__ -DCPU_MKL46Z256VLL4_cm0plus -DCPU_MKL46Z256VLL4 -DFSL_RTOS_BM -DSDK_OS_BAREMETAL -DSDK_DEBUGCONSOLE=1 -DCR_INTEGER_PRINTF -DPRINTF_FLOAT_ENABLE=0 -D__MCUXPRESSO -D__USE_CMSIS -DDEBUG -I"F:\KL46Project\MKL46Z4_BootLoader\workspace\MKL46Z4_Boot\supports" -I"F:\KL46Project\MKL46Z4_BootLoader\workspace\MKL46Z4_Boot\source" -I"F:\KL46Project\MKL46Z4_BootLoader\workspace\MKL46Z4_Boot\interface" -I"F:\KL46Project\MKL46Z4_BootLoader\workspace\MKL46Z4_Boot\middleware" -I"F:\KL46Project\MKL46Z4_BootLoader\workspace\MKL46Z4_Boot\drivers" -I"F:\KL46Project\MKL46Z4_BootLoader\workspace\MKL46Z4_Boot" -I"F:\KL46Project\MKL46Z4_BootLoader\workspace\MKL46Z4_Boot\CMSIS" -I"F:\KL46Project\MKL46Z4_BootLoader\workspace\MKL46Z4_Boot\startup" -O0 -fno-common -g3 -gdwarf-4 -Wall -c -ffunction-sections -fdata-sections -ffreestanding -fno-builtin -fmerge-constants -fmacro-prefix-map="../middleware/"= -mcpu=cortex-m0plus -mthumb -D__REDLIB__ -fstack-usage -specs=redlib.specs -MMD -MP -MF"middleware/usb.d" -MT"middleware/usb.o" -MT"middleware/usb.d" -o "middleware/usb.o" "../middleware/usb.c"
Finished building: ../middleware/usb.c
 
Building target: MKL46Z4_Boot.axf
Invoking: MCU Linker
arm-none-eabi-gcc -nostdlib -Xlinker -Map="MKL46Z4_Boot.map" -Xlinker --gc-sections -Xlinker -print-memory-usage -Xlinker --sort-section=alignment -Xlinker --cref -mcpu=cortex-m0plus -mthumb -T MKL46Z4_Boot_Debug.ld -o "MKL46Z4_Boot.axf" ./supports/queue.o ./supports/srecfile.o  ./startup/startup_mkl46z4.o  ./source/MKL46Z4_LightSensor.o ./source/mtb.o  ./middleware/updateflash.o ./middleware/usb.o  ./interface/interface.o  ./drivers/clock.o ./drivers/ftfa.o ./drivers/gpio.o ./drivers/nvic.o ./drivers/port.o ./drivers/systick.o ./drivers/uart0.o  ./CMSIS/system_MKL46Z4.o   
Memory region         Used Size  Region Size  %age Used
   PROGRAM_FLASH:       11072 B       256 KB      4.22%
            SRAM:        4680 B        32 KB     14.28%
Finished building target: MKL46Z4_Boot.axf
 
Performing post-build steps
arm-none-eabi-size "MKL46Z4_Boot.axf"; # arm-none-eabi-objcopy -v -O binary "MKL46Z4_Boot.axf" "MKL46Z4_Boot.bin" ; # checksum -p MKL46Z256xxx4 -d "MKL46Z4_Boot.bin";
   text	   data	    bss	    dec	    hex	filename
  11072	      0	   4680	  15752	   3d88	MKL46Z4_Boot.axf
 
01:09:20 **** Incremental Build of configuration Debug for project MKL46Z4_Boot ****
make -r -j8 all 
make[1]: Nothing to be done for 'main-build'.
Performing post-build steps
arm-none-eabi-size "MKL46Z4_Boot.axf"; # arm-none-eabi-objcopy -v -O binary "MKL46Z4_Boot.axf" "MKL46Z4_Boot.bin" ; # checksum -p MKL46Z256xxx4 -d "MKL46Z4_Boot.bin";
   text	   data	    bss	    dec	    hex	filename
  11072	      0	   4680	  15752	   3d88	MKL46Z4_Boot.axf
 
01:11:13 **** Build of configuration Debug for project MKL46Z4_Boot ****
make -r -j8 all 
Building file: ../middleware/usb.c
Invoking: MCU C Compiler
arm-none-eabi-gcc -D__REDLIB__ -DCPU_MKL46Z256VLL4_cm0plus -DCPU_MKL46Z256VLL4 -DFSL_RTOS_BM -DSDK_OS_BAREMETAL -DSDK_DEBUGCONSOLE=1 -DCR_INTEGER_PRINTF -DPRINTF_FLOAT_ENABLE=0 -D__MCUXPRESSO -D__USE_CMSIS -DDEBUG -I"F:\KL46Project\MKL46Z4_BootLoader\workspace\MKL46Z4_Boot\supports" -I"F:\KL46Project\MKL46Z4_BootLoader\workspace\MKL46Z4_Boot\source" -I"F:\KL46Project\MKL46Z4_BootLoader\workspace\MKL46Z4_Boot\interface" -I"F:\KL46Project\MKL46Z4_BootLoader\workspace\MKL46Z4_Boot\middleware" -I"F:\KL46Project\MKL46Z4_BootLoader\workspace\MKL46Z4_Boot\drivers" -I"F:\KL46Project\MKL46Z4_BootLoader\workspace\MKL46Z4_Boot" -I"F:\KL46Project\MKL46Z4_BootLoader\workspace\MKL46Z4_Boot\CMSIS" -I"F:\KL46Project\MKL46Z4_BootLoader\workspace\MKL46Z4_Boot\startup" -O0 -fno-common -g3 -gdwarf-4 -Wall -c -ffunction-sections -fdata-sections -ffreestanding -fno-builtin -fmerge-constants -fmacro-prefix-map="../middleware/"= -mcpu=cortex-m0plus -mthumb -D__REDLIB__ -fstack-usage -specs=redlib.specs -MMD -MP -MF"middleware/usb.d" -MT"middleware/usb.o" -MT"middleware/usb.d" -o "middleware/usb.o" "../middleware/usb.c"
Finished building: ../middleware/usb.c
 
Building target: MKL46Z4_Boot.axf
Invoking: MCU Linker
arm-none-eabi-gcc -nostdlib -Xlinker -Map="MKL46Z4_Boot.map" -Xlinker --gc-sections -Xlinker -print-memory-usage -Xlinker --sort-section=alignment -Xlinker --cref -mcpu=cortex-m0plus -mthumb -T MKL46Z4_Boot_Debug.ld -o "MKL46Z4_Boot.axf" ./supports/queue.o ./supports/srecfile.o  ./startup/startup_mkl46z4.o  ./source/MKL46Z4_LightSensor.o ./source/mtb.o  ./middleware/updateflash.o ./middleware/usb.o  ./interface/interface.o  ./drivers/clock.o ./drivers/ftfa.o ./drivers/gpio.o ./drivers/nvic.o ./drivers/port.o ./drivers/systick.o ./drivers/uart0.o  ./CMSIS/system_MKL46Z4.o   
Memory region         Used Size  Region Size  %age Used
   PROGRAM_FLASH:       11072 B       256 KB      4.22%
            SRAM:        4680 B        32 KB     14.28%
Finished building target: MKL46Z4_Boot.axf
 
Performing post-build steps
arm-none-eabi-size "MKL46Z4_Boot.axf"; # arm-none-eabi-objcopy -v -O binary "MKL46Z4_Boot.axf" "MKL46Z4_Boot.bin" ; # checksum -p MKL46Z256xxx4 -d "MKL46Z4_Boot.bin";
   text	   data	    bss	    dec	    hex	filename
  11072	      0	   4680	  15752	   3d88	MKL46Z4_Boot.axf
 
01:11:14 **** Incremental Build of configuration Debug for project MKL46Z4_Boot ****
make -r -j8 all 
make[1]: Nothing to be done for 'main-build'.
Performing post-build steps
arm-none-eabi-size "MKL46Z4_Boot.axf"; # arm-none-eabi-objcopy -v -O binary "MKL46Z4_Boot.axf" "MKL46Z4_Boot.bin" ; # checksum -p MKL46Z256xxx4 -d "MKL46Z4_Boot.bin";
   text	   data	    bss	    dec	    hex	filename
  11072	      0	   4680	  15752	   3d88	MKL46Z4_Boot.axf
 
01:21:35 **** Build of configuration Debug for project MKL46Z4_Boot ****
make -r -j8 all 
Building file: ../middleware/usb.c
Invoking: MCU C Compiler
arm-none-eabi-gcc -D__REDLIB__ -DCPU_MKL46Z256VLL4_cm0plus -DCPU_MKL46Z256VLL4 -DFSL_RTOS_BM -DSDK_OS_BAREMETAL -DSDK_DEBUGCONSOLE=1 -DCR_INTEGER_PRINTF -DPRINTF_FLOAT_ENABLE=0 -D__MCUXPRESSO -D__USE_CMSIS -DDEBUG -I"F:\KL46Project\MKL46Z4_BootLoader\workspace\MKL46Z4_Boot\supports" -I"F:\KL46Project\MKL46Z4_BootLoader\workspace\MKL46Z4_Boot\source" -I"F:\KL46Project\MKL46Z4_BootLoader\workspace\MKL46Z4_Boot\interface" -I"F:\KL46Project\MKL46Z4_BootLoader\workspace\MKL46Z4_Boot\middleware" -I"F:\KL46Project\MKL46Z4_BootLoader\workspace\MKL46Z4_Boot\drivers" -I"F:\KL46Project\MKL46Z4_BootLoader\workspace\MKL46Z4_Boot" -I"F:\KL46Project\MKL46Z4_BootLoader\workspace\MKL46Z4_Boot\CMSIS" -I"F:\KL46Project\MKL46Z4_BootLoader\workspace\MKL46Z4_Boot\startup" -O0 -fno-common -g3 -gdwarf-4 -Wall -c -ffunction-sections -fdata-sections -ffreestanding -fno-builtin -fmerge-constants -fmacro-prefix-map="../middleware/"= -mcpu=cortex-m0plus -mthumb -D__REDLIB__ -fstack-usage -specs=redlib.specs -MMD -MP -MF"middleware/usb.d" -MT"middleware/usb.o" -MT"middleware/usb.d" -o "middleware/usb.o" "../middleware/usb.c"
Finished building: ../middleware/usb.c
 
Building target: MKL46Z4_Boot.axf
Invoking: MCU Linker
arm-none-eabi-gcc -nostdlib -Xlinker -Map="MKL46Z4_Boot.map" -Xlinker --gc-sections -Xlinker -print-memory-usage -Xlinker --sort-section=alignment -Xlinker --cref -mcpu=cortex-m0plus -mthumb -T MKL46Z4_Boot_Debug.ld -o "MKL46Z4_Boot.axf" ./supports/queue.o ./supports/srecfile.o  ./startup/startup_mkl46z4.o  ./source/MKL46Z4_LightSensor.o ./source/mtb.o  ./middleware/updateflash.o ./middleware/usb.o  ./interface/interface.o  ./drivers/clock.o ./drivers/ftfa.o ./drivers/gpio.o ./drivers/nvic.o ./drivers/port.o ./drivers/systick.o ./drivers/uart0.o  ./CMSIS/system_MKL46Z4.o   
Memory region         Used Size  Region Size  %age Used
   PROGRAM_FLASH:       11072 B       256 KB      4.22%
            SRAM:        4680 B        32 KB     14.28%
Finished building target: MKL46Z4_Boot.axf
 
Performing post-build steps
arm-none-eabi-size "MKL46Z4_Boot.axf"; # arm-none-eabi-objcopy -v -O binary "MKL46Z4_Boot.axf" "MKL46Z4_Boot.bin" ; # checksum -p MKL46Z256xxx4 -d "MKL46Z4_Boot.bin";
   text	   data	    bss	    dec	    hex	filename
  11072	      0	   4680	  15752	   3d88	MKL46Z4_Boot.axf
 
01:21:36 **** Incremental Build of configuration Debug for project MKL46Z4_Boot ****
make -r -j8 all 
make[1]: Nothing to be done for 'main-build'.
Performing post-build steps
arm-none-eabi-size "MKL46Z4_Boot.axf"; # arm-none-eabi-objcopy -v -O binary "MKL46Z4_Boot.axf" "MKL46Z4_Boot.bin" ; # checksum -p MKL46Z256xxx4 -d "MKL46Z4_Boot.bin";
   text	   data	    bss	    dec	    hex	filename
  11072	      0	   4680	  15752	   3d88	MKL46Z4_Boot.axf
 
01:31:03 **** Build of configuration Debug for project MKL46Z4_Boot ****
make -r -j8 all 
Building file: ../supports/queue.c
Invoking: MCU C Compiler
arm-none-eabi-gcc -D__REDLIB__ -DCPU_MKL46Z256VLL4_cm0plus -DCPU_MKL46Z256VLL4 -DFSL_RTOS_BM -DSDK_OS_BAREMETAL -DSDK_DEBUGCONSOLE=1 -DCR_INTEGER_PRINTF -DPRINTF_FLOAT_ENABLE=0 -D__MCUXPRESSO -D__USE_CMSIS -DDEBUG -I"F:\KL46Project\MKL46Z4_BootLoader\workspace\MKL46Z4_Boot\supports" -I"F:\KL46Project\MKL46Z4_BootLoader\workspace\MKL46Z4_Boot\source" -I"F:\KL46Project\MKL46Z4_BootLoader\workspace\MKL46Z4_Boot\interface" -I"F:\KL46Project\MKL46Z4_BootLoader\workspace\MKL46Z4_Boot\middleware" -I"F:\KL46Project\MKL46Z4_BootLoader\workspace\MKL46Z4_Boot\drivers" -I"F:\KL46Project\MKL46Z4_BootLoader\workspace\MKL46Z4_Boot" -I"F:\KL46Project\MKL46Z4_BootLoader\workspace\MKL46Z4_Boot\CMSIS" -I"F:\KL46Project\MKL46Z4_BootLoader\workspace\MKL46Z4_Boot\startup" -O0 -fno-common -g3 -gdwarf-4 -Wall -c -ffunction-sections -fdata-sections -ffreestanding -fno-builtin -fmerge-constants -fmacro-prefix-map="../supports/"= -mcpu=cortex-m0plus -mthumb -D__REDLIB__ -fstack-usage -specs=redlib.specs -MMD -MP -MF"supports/queue.d" -MT"supports/queue.o" -MT"supports/queue.d" -o "supports/queue.o" "../supports/queue.c"
../supports/queue.c: In function 'QUEUE_Get':
../supports/queue.c:77:17: warning: unused variable 'idx' [-Wunused-variable]
   77 |         uint8_t idx;
      |                 ^~~
../supports/queue.c: At top level:
../supports/queue.c:10:17: warning: 'restNodeNum' defined but not used [-Wunused-variable]
   10 | static uint32_t restNodeNum = 0;
      |                 ^~~~~~~~~~~
../supports/queue.c:9:17: warning: 'popNodeNum' defined but not used [-Wunused-variable]
    9 | static uint32_t popNodeNum = 0;
      |                 ^~~~~~~~~~
Finished building: ../supports/queue.c
 
Building target: MKL46Z4_Boot.axf
Invoking: MCU Linker
arm-none-eabi-gcc -nostdlib -Xlinker -Map="MKL46Z4_Boot.map" -Xlinker --gc-sections -Xlinker -print-memory-usage -Xlinker --sort-section=alignment -Xlinker --cref -mcpu=cortex-m0plus -mthumb -T MKL46Z4_Boot_Debug.ld -o "MKL46Z4_Boot.axf" ./supports/queue.o ./supports/srecfile.o  ./startup/startup_mkl46z4.o  ./source/MKL46Z4_LightSensor.o ./source/mtb.o  ./middleware/updateflash.o ./middleware/usb.o  ./interface/interface.o  ./drivers/clock.o ./drivers/ftfa.o ./drivers/gpio.o ./drivers/nvic.o ./drivers/port.o ./drivers/systick.o ./drivers/uart0.o  ./CMSIS/system_MKL46Z4.o   
Memory region         Used Size  Region Size  %age Used
   PROGRAM_FLASH:       11080 B       256 KB      4.23%
            SRAM:        4680 B        32 KB     14.28%
Finished building target: MKL46Z4_Boot.axf
 
Performing post-build steps
arm-none-eabi-size "MKL46Z4_Boot.axf"; # arm-none-eabi-objcopy -v -O binary "MKL46Z4_Boot.axf" "MKL46Z4_Boot.bin" ; # checksum -p MKL46Z256xxx4 -d "MKL46Z4_Boot.bin";
   text	   data	    bss	    dec	    hex	filename
  11080	      0	   4680	  15760	   3d90	MKL46Z4_Boot.axf
 
01:31:05 **** Incremental Build of configuration Debug for project MKL46Z4_Boot ****
make -r -j8 all 
make[1]: Nothing to be done for 'main-build'.
Performing post-build steps
arm-none-eabi-size "MKL46Z4_Boot.axf"; # arm-none-eabi-objcopy -v -O binary "MKL46Z4_Boot.axf" "MKL46Z4_Boot.bin" ; # checksum -p MKL46Z256xxx4 -d "MKL46Z4_Boot.bin";
   text	   data	    bss	    dec	    hex	filename
  11080	      0	   4680	  15760	   3d90	MKL46Z4_Boot.axf
 
01:33:41 **** Build of configuration Debug for project MKL46Z4_Boot ****
make -r -j8 all 
Building file: ../supports/queue.c
Building file: ../middleware/usb.c
Invoking: MCU C Compiler
arm-none-eabi-gcc -D__REDLIB__ -DCPU_MKL46Z256VLL4_cm0plus -DCPU_MKL46Z256VLL4 -DFSL_RTOS_BM -DSDK_OS_BAREMETAL -DSDK_DEBUGCONSOLE=1 -DCR_INTEGER_PRINTF -DPRINTF_FLOAT_ENABLE=0 -D__MCUXPRESSO -D__USE_CMSIS -DDEBUG -I"F:\KL46Project\MKL46Z4_BootLoader\workspace\MKL46Z4_Boot\supports" -I"F:\KL46Project\MKL46Z4_BootLoader\workspace\MKL46Z4_Boot\source" -I"F:\KL46Project\MKL46Z4_BootLoader\workspace\MKL46Z4_Boot\interface" -I"F:\KL46Project\MKL46Z4_BootLoader\workspace\MKL46Z4_Boot\middleware" -I"F:\KL46Project\MKL46Z4_BootLoader\workspace\MKL46Z4_Boot\drivers" -I"F:\KL46Project\MKL46Z4_BootLoader\workspace\MKL46Z4_Boot" -I"F:\KL46Project\MKL46Z4_BootLoader\workspace\MKL46Z4_Boot\CMSIS" -I"F:\KL46Project\MKL46Z4_BootLoader\workspace\MKL46Z4_Boot\startup" -O0 -fno-common -g3 -gdwarf-4 -Wall -c -ffunction-sections -fdata-sections -ffreestanding -fno-builtin -fmerge-constants -fmacro-prefix-map="../supports/"= -mcpu=cortex-m0plus -mthumb -D__REDLIB__ -fstack-usage -specs=redlib.specs -MMD -MP -MF"supports/queue.d" -MT"supports/queue.o" -MT"supports/queue.d" -o "supports/queue.o" "../supports/queue.c"
Invoking: MCU C Compiler
arm-none-eabi-gcc -D__REDLIB__ -DCPU_MKL46Z256VLL4_cm0plus -DCPU_MKL46Z256VLL4 -DFSL_RTOS_BM -DSDK_OS_BAREMETAL -DSDK_DEBUGCONSOLE=1 -DCR_INTEGER_PRINTF -DPRINTF_FLOAT_ENABLE=0 -D__MCUXPRESSO -D__USE_CMSIS -DDEBUG -I"F:\KL46Project\MKL46Z4_BootLoader\workspace\MKL46Z4_Boot\supports" -I"F:\KL46Project\MKL46Z4_BootLoader\workspace\MKL46Z4_Boot\source" -I"F:\KL46Project\MKL46Z4_BootLoader\workspace\MKL46Z4_Boot\interface" -I"F:\KL46Project\MKL46Z4_BootLoader\workspace\MKL46Z4_Boot\middleware" -I"F:\KL46Project\MKL46Z4_BootLoader\workspace\MKL46Z4_Boot\drivers" -I"F:\KL46Project\MKL46Z4_BootLoader\workspace\MKL46Z4_Boot" -I"F:\KL46Project\MKL46Z4_BootLoader\workspace\MKL46Z4_Boot\CMSIS" -I"F:\KL46Project\MKL46Z4_BootLoader\workspace\MKL46Z4_Boot\startup" -O0 -fno-common -g3 -gdwarf-4 -Wall -c -ffunction-sections -fdata-sections -ffreestanding -fno-builtin -fmerge-constants -fmacro-prefix-map="../middleware/"= -mcpu=cortex-m0plus -mthumb -D__REDLIB__ -fstack-usage -specs=redlib.specs -MMD -MP -MF"middleware/usb.d" -MT"middleware/usb.o" -MT"middleware/usb.d" -o "middleware/usb.o" "../middleware/usb.c"
../supports/queue.c: In function 'QUEUE_Get':
../supports/queue.c:81:17: warning: unused variable 'idx' [-Wunused-variable]
   81 |         uint8_t idx;
      |                 ^~~
../supports/queue.c: At top level:
../supports/queue.c:10:17: warning: 'restNodeNum' defined but not used [-Wunused-variable]
   10 | static uint32_t restNodeNum = 0;
      |                 ^~~~~~~~~~~
../supports/queue.c:9:17: warning: 'popNodeNum' defined but not used [-Wunused-variable]
    9 | static uint32_t popNodeNum = 0;
      |                 ^~~~~~~~~~
Finished building: ../supports/queue.c
 
Finished building: ../middleware/usb.c
 
Building target: MKL46Z4_Boot.axf
Invoking: MCU Linker
arm-none-eabi-gcc -nostdlib -Xlinker -Map="MKL46Z4_Boot.map" -Xlinker --gc-sections -Xlinker -print-memory-usage -Xlinker --sort-section=alignment -Xlinker --cref -mcpu=cortex-m0plus -mthumb -T MKL46Z4_Boot_Debug.ld -o "MKL46Z4_Boot.axf" ./supports/queue.o ./supports/srecfile.o  ./startup/startup_mkl46z4.o  ./source/MKL46Z4_LightSensor.o ./source/mtb.o  ./middleware/updateflash.o ./middleware/usb.o  ./interface/interface.o  ./drivers/clock.o ./drivers/ftfa.o ./drivers/gpio.o ./drivers/nvic.o ./drivers/port.o ./drivers/systick.o ./drivers/uart0.o  ./CMSIS/system_MKL46Z4.o   
Memory region         Used Size  Region Size  %age Used
   PROGRAM_FLASH:       11096 B       256 KB      4.23%
            SRAM:        4680 B        32 KB     14.28%
Finished building target: MKL46Z4_Boot.axf
 
Performing post-build steps
arm-none-eabi-size "MKL46Z4_Boot.axf"; # arm-none-eabi-objcopy -v -O binary "MKL46Z4_Boot.axf" "MKL46Z4_Boot.bin" ; # checksum -p MKL46Z256xxx4 -d "MKL46Z4_Boot.bin";
   text	   data	    bss	    dec	    hex	filename
  11096	      0	   4680	  15776	   3da0	MKL46Z4_Boot.axf
 
01:33:41 **** Incremental Build of configuration Debug for project MKL46Z4_Boot ****
make -r -j8 all 
make[1]: Nothing to be done for 'main-build'.
Performing post-build steps
arm-none-eabi-size "MKL46Z4_Boot.axf"; # arm-none-eabi-objcopy -v -O binary "MKL46Z4_Boot.axf" "MKL46Z4_Boot.bin" ; # checksum -p MKL46Z256xxx4 -d "MKL46Z4_Boot.bin";
   text	   data	    bss	    dec	    hex	filename
  11096	      0	   4680	  15776	   3da0	MKL46Z4_Boot.axf
 
01:35:58 **** Build of configuration Debug for project MKL46Z4_Boot ****
make -r -j8 all 
make[1]: Nothing to be done for 'main-build'.
Performing post-build steps
arm-none-eabi-size "MKL46Z4_Boot.axf"; # arm-none-eabi-objcopy -v -O binary "MKL46Z4_Boot.axf" "MKL46Z4_Boot.bin" ; # checksum -p MKL46Z256xxx4 -d "MKL46Z4_Boot.bin";
   text	   data	    bss	    dec	    hex	filename
  11096	      0	   4680	  15776	   3da0	MKL46Z4_Boot.axf
 
01:35:59 **** Incremental Build of configuration Debug for project MKL46Z4_Boot ****
make -r -j8 all 
make[1]: Nothing to be done for 'main-build'.
Performing post-build steps
arm-none-eabi-size "MKL46Z4_Boot.axf"; # arm-none-eabi-objcopy -v -O binary "MKL46Z4_Boot.axf" "MKL46Z4_Boot.bin" ; # checksum -p MKL46Z256xxx4 -d "MKL46Z4_Boot.bin";
   text	   data	    bss	    dec	    hex	filename
  11096	      0	   4680	  15776	   3da0	MKL46Z4_Boot.axf
 
01:40:46 **** Build of configuration Debug for project MKL46Z4_Boot ****
make -r -j8 all 
Building file: ../supports/queue.c
Invoking: MCU C Compiler
arm-none-eabi-gcc -D__REDLIB__ -DCPU_MKL46Z256VLL4_cm0plus -DCPU_MKL46Z256VLL4 -DFSL_RTOS_BM -DSDK_OS_BAREMETAL -DSDK_DEBUGCONSOLE=1 -DCR_INTEGER_PRINTF -DPRINTF_FLOAT_ENABLE=0 -D__MCUXPRESSO -D__USE_CMSIS -DDEBUG -I"F:\KL46Project\MKL46Z4_BootLoader\workspace\MKL46Z4_Boot\supports" -I"F:\KL46Project\MKL46Z4_BootLoader\workspace\MKL46Z4_Boot\source" -I"F:\KL46Project\MKL46Z4_BootLoader\workspace\MKL46Z4_Boot\interface" -I"F:\KL46Project\MKL46Z4_BootLoader\workspace\MKL46Z4_Boot\middleware" -I"F:\KL46Project\MKL46Z4_BootLoader\workspace\MKL46Z4_Boot\drivers" -I"F:\KL46Project\MKL46Z4_BootLoader\workspace\MKL46Z4_Boot" -I"F:\KL46Project\MKL46Z4_BootLoader\workspace\MKL46Z4_Boot\CMSIS" -I"F:\KL46Project\MKL46Z4_BootLoader\workspace\MKL46Z4_Boot\startup" -O0 -fno-common -g3 -gdwarf-4 -Wall -c -ffunction-sections -fdata-sections -ffreestanding -fno-builtin -fmerge-constants -fmacro-prefix-map="../supports/"= -mcpu=cortex-m0plus -mthumb -D__REDLIB__ -fstack-usage -specs=redlib.specs -MMD -MP -MF"supports/queue.d" -MT"supports/queue.o" -MT"supports/queue.d" -o "supports/queue.o" "../supports/queue.c"
../supports/queue.c: In function 'QUEUE_Get':
../supports/queue.c:89:17: warning: unused variable 'idx' [-Wunused-variable]
   89 |         uint8_t idx;
      |                 ^~~
../supports/queue.c: At top level:
../supports/queue.c:32:13: warning: 'QUEUE_Free' defined but not used [-Wunused-function]
   32 | static void QUEUE_Free(){
      |             ^~~~~~~~~~
../supports/queue.c:10:17: warning: 'restNodeNum' defined but not used [-Wunused-variable]
   10 | static uint32_t restNodeNum = 0;
      |                 ^~~~~~~~~~~
../supports/queue.c:9:17: warning: 'popNodeNum' defined but not used [-Wunused-variable]
    9 | static uint32_t popNodeNum = 0;
      |                 ^~~~~~~~~~
Finished building: ../supports/queue.c
 
Building target: MKL46Z4_Boot.axf
Invoking: MCU Linker
arm-none-eabi-gcc -nostdlib -Xlinker -Map="MKL46Z4_Boot.map" -Xlinker --gc-sections -Xlinker -print-memory-usage -Xlinker --sort-section=alignment -Xlinker --cref -mcpu=cortex-m0plus -mthumb -T MKL46Z4_Boot_Debug.ld -o "MKL46Z4_Boot.axf" ./supports/queue.o ./supports/srecfile.o  ./startup/startup_mkl46z4.o  ./source/MKL46Z4_LightSensor.o ./source/mtb.o  ./middleware/updateflash.o ./middleware/usb.o  ./interface/interface.o  ./drivers/clock.o ./drivers/ftfa.o ./drivers/gpio.o ./drivers/nvic.o ./drivers/port.o ./drivers/systick.o ./drivers/uart0.o  ./CMSIS/system_MKL46Z4.o   
Memory region         Used Size  Region Size  %age Used
   PROGRAM_FLASH:       11072 B       256 KB      4.22%
            SRAM:        4680 B        32 KB     14.28%
Finished building target: MKL46Z4_Boot.axf
 
Performing post-build steps
arm-none-eabi-size "MKL46Z4_Boot.axf"; # arm-none-eabi-objcopy -v -O binary "MKL46Z4_Boot.axf" "MKL46Z4_Boot.bin" ; # checksum -p MKL46Z256xxx4 -d "MKL46Z4_Boot.bin";
   text	   data	    bss	    dec	    hex	filename
  11072	      0	   4680	  15752	   3d88	MKL46Z4_Boot.axf
 
01:40:47 **** Incremental Build of configuration Debug for project MKL46Z4_Boot ****
make -r -j8 all 
make[1]: Nothing to be done for 'main-build'.
Performing post-build steps
arm-none-eabi-size "MKL46Z4_Boot.axf"; # arm-none-eabi-objcopy -v -O binary "MKL46Z4_Boot.axf" "MKL46Z4_Boot.bin" ; # checksum -p MKL46Z256xxx4 -d "MKL46Z4_Boot.bin";
   text	   data	    bss	    dec	    hex	filename
  11072	      0	   4680	  15752	   3d88	MKL46Z4_Boot.axf
 
01:42:34 **** Build of configuration Debug for project MKL46Z4_Boot ****
make -r -j8 all 
Building file: ../middleware/usb.c
Invoking: MCU C Compiler
arm-none-eabi-gcc -D__REDLIB__ -DCPU_MKL46Z256VLL4_cm0plus -DCPU_MKL46Z256VLL4 -DFSL_RTOS_BM -DSDK_OS_BAREMETAL -DSDK_DEBUGCONSOLE=1 -DCR_INTEGER_PRINTF -DPRINTF_FLOAT_ENABLE=0 -D__MCUXPRESSO -D__USE_CMSIS -DDEBUG -I"F:\KL46Project\MKL46Z4_BootLoader\workspace\MKL46Z4_Boot\supports" -I"F:\KL46Project\MKL46Z4_BootLoader\workspace\MKL46Z4_Boot\source" -I"F:\KL46Project\MKL46Z4_BootLoader\workspace\MKL46Z4_Boot\interface" -I"F:\KL46Project\MKL46Z4_BootLoader\workspace\MKL46Z4_Boot\middleware" -I"F:\KL46Project\MKL46Z4_BootLoader\workspace\MKL46Z4_Boot\drivers" -I"F:\KL46Project\MKL46Z4_BootLoader\workspace\MKL46Z4_Boot" -I"F:\KL46Project\MKL46Z4_BootLoader\workspace\MKL46Z4_Boot\CMSIS" -I"F:\KL46Project\MKL46Z4_BootLoader\workspace\MKL46Z4_Boot\startup" -O0 -fno-common -g3 -gdwarf-4 -Wall -c -ffunction-sections -fdata-sections -ffreestanding -fno-builtin -fmerge-constants -fmacro-prefix-map="../middleware/"= -mcpu=cortex-m0plus -mthumb -D__REDLIB__ -fstack-usage -specs=redlib.specs -MMD -MP -MF"middleware/usb.d" -MT"middleware/usb.o" -MT"middleware/usb.d" -o "middleware/usb.o" "../middleware/usb.c"
Finished building: ../middleware/usb.c
 
Building target: MKL46Z4_Boot.axf
Invoking: MCU Linker
arm-none-eabi-gcc -nostdlib -Xlinker -Map="MKL46Z4_Boot.map" -Xlinker --gc-sections -Xlinker -print-memory-usage -Xlinker --sort-section=alignment -Xlinker --cref -mcpu=cortex-m0plus -mthumb -T MKL46Z4_Boot_Debug.ld -o "MKL46Z4_Boot.axf" ./supports/queue.o ./supports/srecfile.o  ./startup/startup_mkl46z4.o  ./source/MKL46Z4_LightSensor.o ./source/mtb.o  ./middleware/updateflash.o ./middleware/usb.o  ./interface/interface.o  ./drivers/clock.o ./drivers/ftfa.o ./drivers/gpio.o ./drivers/nvic.o ./drivers/port.o ./drivers/systick.o ./drivers/uart0.o  ./CMSIS/system_MKL46Z4.o   
Memory region         Used Size  Region Size  %age Used
   PROGRAM_FLASH:       11072 B       256 KB      4.22%
            SRAM:        4680 B        32 KB     14.28%
Finished building target: MKL46Z4_Boot.axf
 
Performing post-build steps
arm-none-eabi-size "MKL46Z4_Boot.axf"; # arm-none-eabi-objcopy -v -O binary "MKL46Z4_Boot.axf" "MKL46Z4_Boot.bin" ; # checksum -p MKL46Z256xxx4 -d "MKL46Z4_Boot.bin";
   text	   data	    bss	    dec	    hex	filename
  11072	      0	   4680	  15752	   3d88	MKL46Z4_Boot.axf
 
01:42:35 **** Incremental Build of configuration Debug for project MKL46Z4_Boot ****
make -r -j8 all 
make[1]: Nothing to be done for 'main-build'.
Performing post-build steps
arm-none-eabi-size "MKL46Z4_Boot.axf"; # arm-none-eabi-objcopy -v -O binary "MKL46Z4_Boot.axf" "MKL46Z4_Boot.bin" ; # checksum -p MKL46Z256xxx4 -d "MKL46Z4_Boot.bin";
   text	   data	    bss	    dec	    hex	filename
  11072	      0	   4680	  15752	   3d88	MKL46Z4_Boot.axf
 
01:56:47 **** Build of configuration Debug for project MKL46Z4_Boot ****
make -r -j8 all 
Building file: ../supports/queue.c
Building file: ../middleware/usb.c
Invoking: MCU C Compiler
arm-none-eabi-gcc -D__REDLIB__ -DCPU_MKL46Z256VLL4_cm0plus -DCPU_MKL46Z256VLL4 -DFSL_RTOS_BM -DSDK_OS_BAREMETAL -DSDK_DEBUGCONSOLE=1 -DCR_INTEGER_PRINTF -DPRINTF_FLOAT_ENABLE=0 -D__MCUXPRESSO -D__USE_CMSIS -DDEBUG -I"F:\KL46Project\MKL46Z4_BootLoader\workspace\MKL46Z4_Boot\supports" -I"F:\KL46Project\MKL46Z4_BootLoader\workspace\MKL46Z4_Boot\source" -I"F:\KL46Project\MKL46Z4_BootLoader\workspace\MKL46Z4_Boot\interface" -I"F:\KL46Project\MKL46Z4_BootLoader\workspace\MKL46Z4_Boot\middleware" -I"F:\KL46Project\MKL46Z4_BootLoader\workspace\MKL46Z4_Boot\drivers" -I"F:\KL46Project\MKL46Z4_BootLoader\workspace\MKL46Z4_Boot" -I"F:\KL46Project\MKL46Z4_BootLoader\workspace\MKL46Z4_Boot\CMSIS" -I"F:\KL46Project\MKL46Z4_BootLoader\workspace\MKL46Z4_Boot\startup" -O0 -fno-common -g3 -gdwarf-4 -Wall -c -ffunction-sections -fdata-sections -ffreestanding -fno-builtin -fmerge-constants -fmacro-prefix-map="../supports/"= -mcpu=cortex-m0plus -mthumb -D__REDLIB__ -fstack-usage -specs=redlib.specs -MMD -MP -MF"supports/queue.d" -MT"supports/queue.o" -MT"supports/queue.d" -o "supports/queue.o" "../supports/queue.c"
Invoking: MCU C Compiler
arm-none-eabi-gcc -D__REDLIB__ -DCPU_MKL46Z256VLL4_cm0plus -DCPU_MKL46Z256VLL4 -DFSL_RTOS_BM -DSDK_OS_BAREMETAL -DSDK_DEBUGCONSOLE=1 -DCR_INTEGER_PRINTF -DPRINTF_FLOAT_ENABLE=0 -D__MCUXPRESSO -D__USE_CMSIS -DDEBUG -I"F:\KL46Project\MKL46Z4_BootLoader\workspace\MKL46Z4_Boot\supports" -I"F:\KL46Project\MKL46Z4_BootLoader\workspace\MKL46Z4_Boot\source" -I"F:\KL46Project\MKL46Z4_BootLoader\workspace\MKL46Z4_Boot\interface" -I"F:\KL46Project\MKL46Z4_BootLoader\workspace\MKL46Z4_Boot\middleware" -I"F:\KL46Project\MKL46Z4_BootLoader\workspace\MKL46Z4_Boot\drivers" -I"F:\KL46Project\MKL46Z4_BootLoader\workspace\MKL46Z4_Boot" -I"F:\KL46Project\MKL46Z4_BootLoader\workspace\MKL46Z4_Boot\CMSIS" -I"F:\KL46Project\MKL46Z4_BootLoader\workspace\MKL46Z4_Boot\startup" -O0 -fno-common -g3 -gdwarf-4 -Wall -c -ffunction-sections -fdata-sections -ffreestanding -fno-builtin -fmerge-constants -fmacro-prefix-map="../middleware/"= -mcpu=cortex-m0plus -mthumb -D__REDLIB__ -fstack-usage -specs=redlib.specs -MMD -MP -MF"middleware/usb.d" -MT"middleware/usb.o" -MT"middleware/usb.d" -o "middleware/usb.o" "../middleware/usb.c"
../supports/queue.c: In function 'QUEUE_Get':
../supports/queue.c:96:17: warning: unused variable 'idx' [-Wunused-variable]
   96 |         uint8_t idx;
      |                 ^~~
../supports/queue.c: At top level:
../supports/queue.c:32:13: warning: 'QUEUE_Free' defined but not used [-Wunused-function]
   32 | static void QUEUE_Free(){
      |             ^~~~~~~~~~
../supports/queue.c:10:17: warning: 'restNodeNum' defined but not used [-Wunused-variable]
   10 | static uint32_t restNodeNum = 0;
      |                 ^~~~~~~~~~~
../supports/queue.c:9:17: warning: 'popNodeNum' defined but not used [-Wunused-variable]
    9 | static uint32_t popNodeNum = 0;
      |                 ^~~~~~~~~~
Finished building: ../supports/queue.c
Finished building: ../middleware/usb.c
 
 
Building target: MKL46Z4_Boot.axf
Invoking: MCU Linker
arm-none-eabi-gcc -nostdlib -Xlinker -Map="MKL46Z4_Boot.map" -Xlinker --gc-sections -Xlinker -print-memory-usage -Xlinker --sort-section=alignment -Xlinker --cref -mcpu=cortex-m0plus -mthumb -T MKL46Z4_Boot_Debug.ld -o "MKL46Z4_Boot.axf" ./supports/queue.o ./supports/srecfile.o  ./startup/startup_mkl46z4.o  ./source/MKL46Z4_LightSensor.o ./source/mtb.o  ./middleware/updateflash.o ./middleware/usb.o  ./interface/interface.o  ./drivers/clock.o ./drivers/ftfa.o ./drivers/gpio.o ./drivers/nvic.o ./drivers/port.o ./drivers/systick.o ./drivers/uart0.o  ./CMSIS/system_MKL46Z4.o   
Memory region         Used Size  Region Size  %age Used
   PROGRAM_FLASH:       11096 B       256 KB      4.23%
            SRAM:        4680 B        32 KB     14.28%
Finished building target: MKL46Z4_Boot.axf
 
Performing post-build steps
arm-none-eabi-size "MKL46Z4_Boot.axf"; # arm-none-eabi-objcopy -v -O binary "MKL46Z4_Boot.axf" "MKL46Z4_Boot.bin" ; # checksum -p MKL46Z256xxx4 -d "MKL46Z4_Boot.bin";
   text	   data	    bss	    dec	    hex	filename
  11096	      0	   4680	  15776	   3da0	MKL46Z4_Boot.axf
 
01:56:48 **** Incremental Build of configuration Debug for project MKL46Z4_Boot ****
make -r -j8 all 
make[1]: Nothing to be done for 'main-build'.
Performing post-build steps
arm-none-eabi-size "MKL46Z4_Boot.axf"; # arm-none-eabi-objcopy -v -O binary "MKL46Z4_Boot.axf" "MKL46Z4_Boot.bin" ; # checksum -p MKL46Z256xxx4 -d "MKL46Z4_Boot.bin";
   text	   data	    bss	    dec	    hex	filename
  11096	      0	   4680	  15776	   3da0	MKL46Z4_Boot.axf
 
02:14:30 **** Build of configuration Debug for project MKL46Z4_Boot ****
make -r -j8 all 
Building file: ../supports/queue.c
Building file: ../middleware/updateflash.c
Invoking: MCU C Compiler
arm-none-eabi-gcc -D__REDLIB__ -DCPU_MKL46Z256VLL4_cm0plus -DCPU_MKL46Z256VLL4 -DFSL_RTOS_BM -DSDK_OS_BAREMETAL -DSDK_DEBUGCONSOLE=1 -DCR_INTEGER_PRINTF -DPRINTF_FLOAT_ENABLE=0 -D__MCUXPRESSO -D__USE_CMSIS -DDEBUG -I"F:\KL46Project\MKL46Z4_BootLoader\workspace\MKL46Z4_Boot\supports" -I"F:\KL46Project\MKL46Z4_BootLoader\workspace\MKL46Z4_Boot\source" -I"F:\KL46Project\MKL46Z4_BootLoader\workspace\MKL46Z4_Boot\interface" -I"F:\KL46Project\MKL46Z4_BootLoader\workspace\MKL46Z4_Boot\middleware" -I"F:\KL46Project\MKL46Z4_BootLoader\workspace\MKL46Z4_Boot\drivers" -I"F:\KL46Project\MKL46Z4_BootLoader\workspace\MKL46Z4_Boot" -I"F:\KL46Project\MKL46Z4_BootLoader\workspace\MKL46Z4_Boot\CMSIS" -I"F:\KL46Project\MKL46Z4_BootLoader\workspace\MKL46Z4_Boot\startup" -O0 -fno-common -g3 -gdwarf-4 -Wall -c -ffunction-sections -fdata-sections -ffreestanding -fno-builtin -fmerge-constants -fmacro-prefix-map="../supports/"= -mcpu=cortex-m0plus -mthumb -D__REDLIB__ -fstack-usage -specs=redlib.specs -MMD -MP -MF"supports/queue.d" -MT"supports/queue.o" -MT"supports/queue.d" -o "supports/queue.o" "../supports/queue.c"
Invoking: MCU C Compiler
arm-none-eabi-gcc -D__REDLIB__ -DCPU_MKL46Z256VLL4_cm0plus -DCPU_MKL46Z256VLL4 -DFSL_RTOS_BM -DSDK_OS_BAREMETAL -DSDK_DEBUGCONSOLE=1 -DCR_INTEGER_PRINTF -DPRINTF_FLOAT_ENABLE=0 -D__MCUXPRESSO -D__USE_CMSIS -DDEBUG -I"F:\KL46Project\MKL46Z4_BootLoader\workspace\MKL46Z4_Boot\supports" -I"F:\KL46Project\MKL46Z4_BootLoader\workspace\MKL46Z4_Boot\source" -I"F:\KL46Project\MKL46Z4_BootLoader\workspace\MKL46Z4_Boot\interface" -I"F:\KL46Project\MKL46Z4_BootLoader\workspace\MKL46Z4_Boot\middleware" -I"F:\KL46Project\MKL46Z4_BootLoader\workspace\MKL46Z4_Boot\drivers" -I"F:\KL46Project\MKL46Z4_BootLoader\workspace\MKL46Z4_Boot" -I"F:\KL46Project\MKL46Z4_BootLoader\workspace\MKL46Z4_Boot\CMSIS" -I"F:\KL46Project\MKL46Z4_BootLoader\workspace\MKL46Z4_Boot\startup" -O0 -fno-common -g3 -gdwarf-4 -Wall -c -ffunction-sections -fdata-sections -ffreestanding -fno-builtin -fmerge-constants -fmacro-prefix-map="../middleware/"= -mcpu=cortex-m0plus -mthumb -D__REDLIB__ -fstack-usage -specs=redlib.specs -MMD -MP -MF"middleware/updateflash.d" -MT"middleware/updateflash.o" -MT"middleware/updateflash.d" -o "middleware/updateflash.o" "../middleware/updateflash.c"
../supports/queue.c: In function 'QUEUE_Get':
../supports/queue.c:97:17: warning: unused variable 'idx' [-Wunused-variable]
   97 |         uint8_t idx;
      |                 ^~~
../supports/queue.c: At top level:
../supports/queue.c:32:13: warning: 'QUEUE_Free' defined but not used [-Wunused-function]
   32 | static void QUEUE_Free(){
      |             ^~~~~~~~~~
../supports/queue.c:10:17: warning: 'restNodeNum' defined but not used [-Wunused-variable]
   10 | static uint32_t restNodeNum = 0;
      |                 ^~~~~~~~~~~
../supports/queue.c:9:17: warning: 'popNodeNum' defined but not used [-Wunused-variable]
    9 | static uint32_t popNodeNum = 0;
      |                 ^~~~~~~~~~
../middleware/updateflash.c: In function 'FLASH_LOAD_USB2FLASH':
../middleware/updateflash.c:62:17: warning: implicit declaration of function 'free' [-Wimplicit-function-declaration]
   62 |                 free(data);
      |                 ^~~~
../middleware/updateflash.c:14:1: note: 'free' is defined in header '<stdlib.h>'; did you forget to '#include <stdlib.h>'?
   13 | #include "config.h"
  +++ |+#include <stdlib.h>
   14 | //================ DEFINED ================/
../middleware/updateflash.c:76:43: warning: passing argument 1 of 'FLASH_ProgarmWord' discards 'volatile' qualifier from pointer target type [-Wdiscarded-qualifiers]
   76 |                         FLASH_ProgarmWord(&dataSREC_First);
      |                                           ^~~~~~~~~~~~~~~
../middleware/updateflash.c:28:43: note: expected 'SREC_API_t *' but argument is of type 'volatile SREC_API_t *'
   28 | static void FLASH_ProgarmWord(SREC_API_t *dataSREC){
      |                               ~~~~~~~~~~~~^~~~~~~~
Finished building: ../supports/queue.c
 
Finished building: ../middleware/updateflash.c
 
Building target: MKL46Z4_Boot.axf
Invoking: MCU Linker
arm-none-eabi-gcc -nostdlib -Xlinker -Map="MKL46Z4_Boot.map" -Xlinker --gc-sections -Xlinker -print-memory-usage -Xlinker --sort-section=alignment -Xlinker --cref -mcpu=cortex-m0plus -mthumb -T MKL46Z4_Boot_Debug.ld -o "MKL46Z4_Boot.axf" ./supports/queue.o ./supports/srecfile.o  ./startup/startup_mkl46z4.o  ./source/MKL46Z4_LightSensor.o ./source/mtb.o  ./middleware/updateflash.o ./middleware/usb.o  ./interface/interface.o  ./drivers/clock.o ./drivers/ftfa.o ./drivers/gpio.o ./drivers/nvic.o ./drivers/port.o ./drivers/systick.o ./drivers/uart0.o  ./CMSIS/system_MKL46Z4.o   
Memory region         Used Size  Region Size  %age Used
   PROGRAM_FLASH:       11104 B       256 KB      4.24%
            SRAM:        4680 B        32 KB     14.28%
Finished building target: MKL46Z4_Boot.axf
 
Performing post-build steps
arm-none-eabi-size "MKL46Z4_Boot.axf"; # arm-none-eabi-objcopy -v -O binary "MKL46Z4_Boot.axf" "MKL46Z4_Boot.bin" ; # checksum -p MKL46Z256xxx4 -d "MKL46Z4_Boot.bin";
   text	   data	    bss	    dec	    hex	filename
  11104	      0	   4680	  15784	   3da8	MKL46Z4_Boot.axf
 
02:14:31 **** Incremental Build of configuration Debug for project MKL46Z4_Boot ****
make -r -j8 all 
make[1]: Nothing to be done for 'main-build'.
Performing post-build steps
arm-none-eabi-size "MKL46Z4_Boot.axf"; # arm-none-eabi-objcopy -v -O binary "MKL46Z4_Boot.axf" "MKL46Z4_Boot.bin" ; # checksum -p MKL46Z256xxx4 -d "MKL46Z4_Boot.bin";
   text	   data	    bss	    dec	    hex	filename
  11104	      0	   4680	  15784	   3da8	MKL46Z4_Boot.axf
 
02:16:25 **** Build of configuration Debug for project MKL46Z4_Boot ****
make -r -j8 all 
Building file: ../middleware/usb.c
Invoking: MCU C Compiler
arm-none-eabi-gcc -D__REDLIB__ -DCPU_MKL46Z256VLL4_cm0plus -DCPU_MKL46Z256VLL4 -DFSL_RTOS_BM -DSDK_OS_BAREMETAL -DSDK_DEBUGCONSOLE=1 -DCR_INTEGER_PRINTF -DPRINTF_FLOAT_ENABLE=0 -D__MCUXPRESSO -D__USE_CMSIS -DDEBUG -I"F:\KL46Project\MKL46Z4_BootLoader\workspace\MKL46Z4_Boot\supports" -I"F:\KL46Project\MKL46Z4_BootLoader\workspace\MKL46Z4_Boot\source" -I"F:\KL46Project\MKL46Z4_BootLoader\workspace\MKL46Z4_Boot\interface" -I"F:\KL46Project\MKL46Z4_BootLoader\workspace\MKL46Z4_Boot\middleware" -I"F:\KL46Project\MKL46Z4_BootLoader\workspace\MKL46Z4_Boot\drivers" -I"F:\KL46Project\MKL46Z4_BootLoader\workspace\MKL46Z4_Boot" -I"F:\KL46Project\MKL46Z4_BootLoader\workspace\MKL46Z4_Boot\CMSIS" -I"F:\KL46Project\MKL46Z4_BootLoader\workspace\MKL46Z4_Boot\startup" -O0 -fno-common -g3 -gdwarf-4 -Wall -c -ffunction-sections -fdata-sections -ffreestanding -fno-builtin -fmerge-constants -fmacro-prefix-map="../middleware/"= -mcpu=cortex-m0plus -mthumb -D__REDLIB__ -fstack-usage -specs=redlib.specs -MMD -MP -MF"middleware/usb.d" -MT"middleware/usb.o" -MT"middleware/usb.d" -o "middleware/usb.o" "../middleware/usb.c"
Finished building: ../middleware/usb.c
 
Building target: MKL46Z4_Boot.axf
Invoking: MCU Linker
arm-none-eabi-gcc -nostdlib -Xlinker -Map="MKL46Z4_Boot.map" -Xlinker --gc-sections -Xlinker -print-memory-usage -Xlinker --sort-section=alignment -Xlinker --cref -mcpu=cortex-m0plus -mthumb -T MKL46Z4_Boot_Debug.ld -o "MKL46Z4_Boot.axf" ./supports/queue.o ./supports/srecfile.o  ./startup/startup_mkl46z4.o  ./source/MKL46Z4_LightSensor.o ./source/mtb.o  ./middleware/updateflash.o ./middleware/usb.o  ./interface/interface.o  ./drivers/clock.o ./drivers/ftfa.o ./drivers/gpio.o ./drivers/nvic.o ./drivers/port.o ./drivers/systick.o ./drivers/uart0.o  ./CMSIS/system_MKL46Z4.o   
Memory region         Used Size  Region Size  %age Used
   PROGRAM_FLASH:       11088 B       256 KB      4.23%
            SRAM:        4680 B        32 KB     14.28%
Finished building target: MKL46Z4_Boot.axf
 
Performing post-build steps
arm-none-eabi-size "MKL46Z4_Boot.axf"; # arm-none-eabi-objcopy -v -O binary "MKL46Z4_Boot.axf" "MKL46Z4_Boot.bin" ; # checksum -p MKL46Z256xxx4 -d "MKL46Z4_Boot.bin";
   text	   data	    bss	    dec	    hex	filename
  11088	      0	   4680	  15768	   3d98	MKL46Z4_Boot.axf
 
02:16:25 **** Incremental Build of configuration Debug for project MKL46Z4_Boot ****
make -r -j8 all 
make[1]: Nothing to be done for 'main-build'.
Performing post-build steps
arm-none-eabi-size "MKL46Z4_Boot.axf"; # arm-none-eabi-objcopy -v -O binary "MKL46Z4_Boot.axf" "MKL46Z4_Boot.bin" ; # checksum -p MKL46Z256xxx4 -d "MKL46Z4_Boot.bin";
   text	   data	    bss	    dec	    hex	filename
  11088	      0	   4680	  15768	   3d98	MKL46Z4_Boot.axf
 
02:17:18 **** Build of configuration Debug for project MKL46Z4_Boot ****
make -r -j8 all 
Building file: ../interface/interface.c
Invoking: MCU C Compiler
arm-none-eabi-gcc -D__REDLIB__ -DCPU_MKL46Z256VLL4_cm0plus -DCPU_MKL46Z256VLL4 -DFSL_RTOS_BM -DSDK_OS_BAREMETAL -DSDK_DEBUGCONSOLE=1 -DCR_INTEGER_PRINTF -DPRINTF_FLOAT_ENABLE=0 -D__MCUXPRESSO -D__USE_CMSIS -DDEBUG -I"F:\KL46Project\MKL46Z4_BootLoader\workspace\MKL46Z4_Boot\supports" -I"F:\KL46Project\MKL46Z4_BootLoader\workspace\MKL46Z4_Boot\source" -I"F:\KL46Project\MKL46Z4_BootLoader\workspace\MKL46Z4_Boot\interface" -I"F:\KL46Project\MKL46Z4_BootLoader\workspace\MKL46Z4_Boot\middleware" -I"F:\KL46Project\MKL46Z4_BootLoader\workspace\MKL46Z4_Boot\drivers" -I"F:\KL46Project\MKL46Z4_BootLoader\workspace\MKL46Z4_Boot" -I"F:\KL46Project\MKL46Z4_BootLoader\workspace\MKL46Z4_Boot\CMSIS" -I"F:\KL46Project\MKL46Z4_BootLoader\workspace\MKL46Z4_Boot\startup" -O0 -fno-common -g3 -gdwarf-4 -Wall -c -ffunction-sections -fdata-sections -ffreestanding -fno-builtin -fmerge-constants -fmacro-prefix-map="../interface/"= -mcpu=cortex-m0plus -mthumb -D__REDLIB__ -fstack-usage -specs=redlib.specs -MMD -MP -MF"interface/interface.d" -MT"interface/interface.o" -MT"interface/interface.d" -o "interface/interface.o" "../interface/interface.c"
../interface/interface.c: In function 'Bootloader_Init':
../interface/interface.c:21:27: warning: unused variable 'FLApi' [-Wunused-variable]
   21 |         FLASH_LOAD_API_t *FLApi = FLASH_LOAD_USB2FLASH();
      |                           ^~~~~
Finished building: ../interface/interface.c
 
Building target: MKL46Z4_Boot.axf
Invoking: MCU Linker
arm-none-eabi-gcc -nostdlib -Xlinker -Map="MKL46Z4_Boot.map" -Xlinker --gc-sections -Xlinker -print-memory-usage -Xlinker --sort-section=alignment -Xlinker --cref -mcpu=cortex-m0plus -mthumb -T MKL46Z4_Boot_Debug.ld -o "MKL46Z4_Boot.axf" ./supports/queue.o ./supports/srecfile.o  ./startup/startup_mkl46z4.o  ./source/MKL46Z4_LightSensor.o ./source/mtb.o  ./middleware/updateflash.o ./middleware/usb.o  ./interface/interface.o  ./drivers/clock.o ./drivers/ftfa.o ./drivers/gpio.o ./drivers/nvic.o ./drivers/port.o ./drivers/systick.o ./drivers/uart0.o  ./CMSIS/system_MKL46Z4.o   
Memory region         Used Size  Region Size  %age Used
   PROGRAM_FLASH:       11144 B       256 KB      4.25%
            SRAM:        4680 B        32 KB     14.28%
Finished building target: MKL46Z4_Boot.axf
 
Performing post-build steps
arm-none-eabi-size "MKL46Z4_Boot.axf"; # arm-none-eabi-objcopy -v -O binary "MKL46Z4_Boot.axf" "MKL46Z4_Boot.bin" ; # checksum -p MKL46Z256xxx4 -d "MKL46Z4_Boot.bin";
   text	   data	    bss	    dec	    hex	filename
  11144	      0	   4680	  15824	   3dd0	MKL46Z4_Boot.axf
 
02:17:19 **** Incremental Build of configuration Debug for project MKL46Z4_Boot ****
make -r -j8 all 
make[1]: Nothing to be done for 'main-build'.
Performing post-build steps
arm-none-eabi-size "MKL46Z4_Boot.axf"; # arm-none-eabi-objcopy -v -O binary "MKL46Z4_Boot.axf" "MKL46Z4_Boot.bin" ; # checksum -p MKL46Z256xxx4 -d "MKL46Z4_Boot.bin";
   text	   data	    bss	    dec	    hex	filename
  11144	      0	   4680	  15824	   3dd0	MKL46Z4_Boot.axf
 
