00:31:47 **** Incremental Build of configuration Debug for project MKL46Z4_Boot ****
make -r -j8 all 
make[1]: Nothing to be done for 'main-build'.
Performing post-build steps
arm-none-eabi-size "MKL46Z4_Boot.axf"; # arm-none-eabi-objcopy -v -O binary "MKL46Z4_Boot.axf" "MKL46Z4_Boot.bin" ; # checksum -p MKL46Z256xxx4 -d "MKL46Z4_Boot.bin";
   text	   data	    bss	    dec	    hex	filename
   5360	      4	   4532	   9896	   26a8	MKL46Z4_Boot.axf
 

00:31:47 Build Finished. 0 errors, 0 warnings. (took 188ms)

