17:32:40 **** Incremental Build of configuration Debug for project MKL46Z4_App1 ****
make -r -j8 all 
srec-build
arm-none-eabi-objcopy -O srec example.axf example.bin
arm-none-eabi-objcopy: 'example.axf': No such file
make[1]: [makefile:60: pre-build] Error 1 (ignored)
 
make[1]: Nothing to be done for 'main-build'.
Performing post-build steps
arm-none-eabi-size "MKL46Z4_App1.axf"; # arm-none-eabi-objcopy -v -O binary "MKL46Z4_App1.axf" "MKL46Z4_App1.bin" ; # checksum -p MKL46Z256xxx4 -d "MKL46Z4_App1.bin";
   text	   data	    bss	    dec	    hex	filename
  10280	      8	   4424	  14712	   3978	MKL46Z4_App1.axf
 

17:32:40 Build Finished. 0 errors, 0 warnings. (took 249ms)

