../middleware/led.c:11:13:GetDataLightSensor	16	static
../middleware/led.c:16:13:Config_PTD5_Pin	32	static
../middleware/led.c:34:13:Config_PTE29_Pin	32	static
../middleware/led.c:54:13:Toggle_PTD5_Pin	8	static
../middleware/led.c:57:13:Toggle_PTE29_Pin	8	static
../middleware/led.c:62:13:Set_PTD5_Pin	8	static
../middleware/led.c:65:13:Set_PTE29_Pin	8	static
../middleware/led.c:70:13:Clear_PTD5_Pin	8	static
../middleware/led.c:73:13:Clear_PTE29_Pin	8	static
../middleware/led.c:79:6:LED_Init	16	static
../middleware/led.c:91:6:Toggle_LED	16	static
../middleware/led.c:103:6:TurnOff_LED	16	static
../middleware/led.c:113:6:TurnOn_LED	16	static
../middleware/led.c:124:6:Flash_LED_Timer	32	static
