../middleware/updateflash.c:231:6:UART0_IRQHandler	16	static
../middleware/updateflash.c:243:13:disableInterrupts	16	static
../middleware/updateflash.c:249:13:enableInterrupts	16	static
../middleware/updateflash.c:254:13:Copy_Struct	32	static
../middleware/updateflash.c:262:13:FLASH_ProgarmWord	32	static
../middleware/updateflash.c:275:16:FLASH_CheckEmpty	24	static
../middleware/updateflash.c:287:19:FLASH_LOAD_USB2FLASH	40	static
../middleware/updateflash.c:343:6:FLASH_TransmitALineSrec	16	static
../middleware/updateflash.c:362:6:FLASH_TransmitTEST	32	static
../middleware/updateflash.c:386:9:FLASH_CheckFirmwareEmpty	16	static
../middleware/updateflash.c:393:9:FLASH_CheckBackupEmpty	8	static
../middleware/updateflash.c:397:6:FLASH_Jump2Firmware	32	static
